../Drivers/BSP/Components/vl53l5cx/porting/platform.c:26:9:VL53L5CX_RdByte	32	static
../Drivers/BSP/Components/vl53l5cx/porting/platform.c:34:9:VL53L5CX_WrByte	24	static
../Drivers/BSP/Components/vl53l5cx/porting/platform.c:42:9:VL53L5CX_WrMulti	32	static
../Drivers/BSP/Components/vl53l5cx/porting/platform.c:51:9:VL53L5CX_RdMulti	32	static
../Drivers/BSP/Components/vl53l5cx/porting/platform.c:60:6:VL53L5CX_SwapBuffer	24	static
../Drivers/BSP/Components/vl53l5cx/porting/platform.c:79:9:VL53L5CX_WaitMs	24	static
../Drivers/BSP/Components/vl53l5cx/porting/platform.c:95:9:VL53L5CX_I2C_Write	40	static
../Drivers/BSP/Components/vl53l5cx/porting/platform.c:108:9:VL53L5CX_I2C_Read	40	static
../Drivers/BSP/Components/vl53l5cx/porting/platform.c:121:9:VL53L5CX_GetTick	8	static
