../Drivers/BSP/Components/vl53l5cx/vl53l5cx.c:92:9:VL53L5CX_RegisterBusIO	24	static
../Drivers/BSP/Components/vl53l5cx/vl53l5cx.c:133:9:VL53L5CX_Init	24	static
../Drivers/BSP/Components/vl53l5cx/vl53l5cx.c:168:9:VL53L5CX_DeInit	24	static
../Drivers/BSP/Components/vl53l5cx/vl53l5cx.c:204:9:VL53L5CX_ReadID	24	static
../Drivers/BSP/Components/vl53l5cx/vl53l5cx.c:252:9:VL53L5CX_GetCapabilities	24	static
../Drivers/BSP/Components/vl53l5cx/vl53l5cx.c:279:9:VL53L5CX_ConfigProfile	32	static
../Drivers/BSP/Components/vl53l5cx/vl53l5cx.c:363:9:VL53L5CX_ConfigROI	16	static
../Drivers/BSP/Components/vl53l5cx/vl53l5cx.c:376:9:VL53L5CX_ConfigIT	24	static
../Drivers/BSP/Components/vl53l5cx/vl53l5cx.c:430:9:VL53L5CX_GetDistance	24	static
../Drivers/BSP/Components/vl53l5cx/vl53l5cx.c:473:9:VL53L5CX_Start	24	static
../Drivers/BSP/Components/vl53l5cx/vl53l5cx.c:527:9:VL53L5CX_Stop	24	static
../Drivers/BSP/Components/vl53l5cx/vl53l5cx.c:559:9:VL53L5CX_SetAddress	24	static
../Drivers/BSP/Components/vl53l5cx/vl53l5cx.c:586:9:VL53L5CX_GetAddress	24	static
../Drivers/BSP/Components/vl53l5cx/vl53l5cx.c:609:9:VL53L5CX_SetPowerMode	24	static
../Drivers/BSP/Components/vl53l5cx/vl53l5cx.c:640:9:VL53L5CX_GetPowerMode	24	static
../Drivers/BSP/Components/vl53l5cx/vl53l5cx.c:671:9:VL53L5CX_XTalkCalibration	24	static
../Drivers/BSP/Components/vl53l5cx/vl53l5cx.c:718:16:vl53l5cx_get_result	32	static
../Drivers/BSP/Components/vl53l5cx/vl53l5cx.c:785:16:vl53l5cx_map_target_status	24	static
