Archive member included to satisfy reference by file (symbol)

C:/Users/Utente/STM32CubeIDE_1.18.0/STM32CubeIDE/plugins/com.st.stm32cube.ide.mcu.externaltools.gnu-tools-for-stm32.13.3.rel1.win32_1.0.0.202411081344/tools/bin/../lib/gcc/arm-none-eabi/13.3.1/../../../../arm-none-eabi/lib/thumb/v7e-m+fp/hard\libc_nano.a(libc_a-exit.o)
                              C:/Users/Utente/STM32CubeIDE_1.18.0/STM32CubeIDE/plugins/com.st.stm32cube.ide.mcu.externaltools.gnu-tools-for-stm32.13.3.rel1.win32_1.0.0.202411081344/tools/bin/../lib/gcc/arm-none-eabi/13.3.1/../../../../arm-none-eabi/lib/thumb/v7e-m+fp/hard/crt0.o (exit)
C:/Users/Utente/STM32CubeIDE_1.18.0/STM32CubeIDE/plugins/com.st.stm32cube.ide.mcu.externaltools.gnu-tools-for-stm32.13.3.rel1.win32_1.0.0.202411081344/tools/bin/../lib/gcc/arm-none-eabi/13.3.1/../../../../arm-none-eabi/lib/thumb/v7e-m+fp/hard\libc_nano.a(libc_a-findfp.o)
                              C:/Users/Utente/STM32CubeIDE_1.18.0/STM32CubeIDE/plugins/com.st.stm32cube.ide.mcu.externaltools.gnu-tools-for-stm32.13.3.rel1.win32_1.0.0.202411081344/tools/bin/../lib/gcc/arm-none-eabi/13.3.1/../../../../arm-none-eabi/lib/thumb/v7e-m+fp/hard\libc_nano.a(libc_a-exit.o) (__stdio_exit_handler)
C:/Users/Utente/STM32CubeIDE_1.18.0/STM32CubeIDE/plugins/com.st.stm32cube.ide.mcu.externaltools.gnu-tools-for-stm32.13.3.rel1.win32_1.0.0.202411081344/tools/bin/../lib/gcc/arm-none-eabi/13.3.1/../../../../arm-none-eabi/lib/thumb/v7e-m+fp/hard\libc_nano.a(libc_a-fwalk.o)
                              C:/Users/Utente/STM32CubeIDE_1.18.0/STM32CubeIDE/plugins/com.st.stm32cube.ide.mcu.externaltools.gnu-tools-for-stm32.13.3.rel1.win32_1.0.0.202411081344/tools/bin/../lib/gcc/arm-none-eabi/13.3.1/../../../../arm-none-eabi/lib/thumb/v7e-m+fp/hard\libc_nano.a(libc_a-findfp.o) (_fwalk_sglue)
C:/Users/Utente/STM32CubeIDE_1.18.0/STM32CubeIDE/plugins/com.st.stm32cube.ide.mcu.externaltools.gnu-tools-for-stm32.13.3.rel1.win32_1.0.0.202411081344/tools/bin/../lib/gcc/arm-none-eabi/13.3.1/../../../../arm-none-eabi/lib/thumb/v7e-m+fp/hard\libc_nano.a(libc_a-printf.o)
                              ./Drivers/BSP/Components/vl53l5cx/modules/vl53l5cx_api.o (printf)
C:/Users/Utente/STM32CubeIDE_1.18.0/STM32CubeIDE/plugins/com.st.stm32cube.ide.mcu.externaltools.gnu-tools-for-stm32.13.3.rel1.win32_1.0.0.202411081344/tools/bin/../lib/gcc/arm-none-eabi/13.3.1/../../../../arm-none-eabi/lib/thumb/v7e-m+fp/hard\libc_nano.a(libc_a-puts.o)
                              ./Core/Src/main.o (puts)
C:/Users/Utente/STM32CubeIDE_1.18.0/STM32CubeIDE/plugins/com.st.stm32cube.ide.mcu.externaltools.gnu-tools-for-stm32.13.3.rel1.win32_1.0.0.202411081344/tools/bin/../lib/gcc/arm-none-eabi/13.3.1/../../../../arm-none-eabi/lib/thumb/v7e-m+fp/hard\libc_nano.a(libc_a-stdio.o)
                              C:/Users/Utente/STM32CubeIDE_1.18.0/STM32CubeIDE/plugins/com.st.stm32cube.ide.mcu.externaltools.gnu-tools-for-stm32.13.3.rel1.win32_1.0.0.202411081344/tools/bin/../lib/gcc/arm-none-eabi/13.3.1/../../../../arm-none-eabi/lib/thumb/v7e-m+fp/hard\libc_nano.a(libc_a-findfp.o) (__sread)
C:/Users/Utente/STM32CubeIDE_1.18.0/STM32CubeIDE/plugins/com.st.stm32cube.ide.mcu.externaltools.gnu-tools-for-stm32.13.3.rel1.win32_1.0.0.202411081344/tools/bin/../lib/gcc/arm-none-eabi/13.3.1/../../../../arm-none-eabi/lib/thumb/v7e-m+fp/hard\libc_nano.a(libc_a-wbuf.o)
                              C:/Users/Utente/STM32CubeIDE_1.18.0/STM32CubeIDE/plugins/com.st.stm32cube.ide.mcu.externaltools.gnu-tools-for-stm32.13.3.rel1.win32_1.0.0.202411081344/tools/bin/../lib/gcc/arm-none-eabi/13.3.1/../../../../arm-none-eabi/lib/thumb/v7e-m+fp/hard\libc_nano.a(libc_a-puts.o) (__swbuf_r)
C:/Users/Utente/STM32CubeIDE_1.18.0/STM32CubeIDE/plugins/com.st.stm32cube.ide.mcu.externaltools.gnu-tools-for-stm32.13.3.rel1.win32_1.0.0.202411081344/tools/bin/../lib/gcc/arm-none-eabi/13.3.1/../../../../arm-none-eabi/lib/thumb/v7e-m+fp/hard\libc_nano.a(libc_a-wsetup.o)
                              C:/Users/Utente/STM32CubeIDE_1.18.0/STM32CubeIDE/plugins/com.st.stm32cube.ide.mcu.externaltools.gnu-tools-for-stm32.13.3.rel1.win32_1.0.0.202411081344/tools/bin/../lib/gcc/arm-none-eabi/13.3.1/../../../../arm-none-eabi/lib/thumb/v7e-m+fp/hard\libc_nano.a(libc_a-puts.o) (__swsetup_r)
C:/Users/Utente/STM32CubeIDE_1.18.0/STM32CubeIDE/plugins/com.st.stm32cube.ide.mcu.externaltools.gnu-tools-for-stm32.13.3.rel1.win32_1.0.0.202411081344/tools/bin/../lib/gcc/arm-none-eabi/13.3.1/../../../../arm-none-eabi/lib/thumb/v7e-m+fp/hard\libc_nano.a(libc_a-memset.o)
                              C:/Users/Utente/STM32CubeIDE_1.18.0/STM32CubeIDE/plugins/com.st.stm32cube.ide.mcu.externaltools.gnu-tools-for-stm32.13.3.rel1.win32_1.0.0.202411081344/tools/bin/../lib/gcc/arm-none-eabi/13.3.1/../../../../arm-none-eabi/lib/thumb/v7e-m+fp/hard/crt0.o (memset)
[...]
Memory Configuration

Name             Origin             Length             Attributes
RAM              0x20000000         0x00020000         xrw
FLASH            0x08000000         0x00080000         xr
*default*        0x00000000         0xffffffff

Linker script and memory map

LOAD C:/Users/Utente/STM32CubeIDE_1.18.0/STM32CubeIDE/plugins/com.st.stm32cube.ide.mcu.externaltools.gnu-tools-for-stm32.13.3.rel1.win32_1.0.0.202411081344/tools/bin/../lib/gcc/arm-none-eabi/13.3.1/thumb/v7e-m+fp/hard/crti.o
LOAD C:/Users/Utente/STM32CubeIDE_1.18.0/STM32CubeIDE/plugins/com.st.stm32cube.ide.mcu.externaltools.gnu-tools-for-stm32.13.3.rel1.win32_1.0.0.202411081344/tools/bin/../lib/gcc/arm-none-eabi/13.3.1/thumb/v7e-m+fp/hard/crtbegin.o
LOAD C:/Users/Utente/STM32CubeIDE_1.18.0/STM32CubeIDE/plugins/com.st.stm32cube.ide.mcu.externaltools.gnu-tools-for-stm32.13.3.rel1.win32_1.0.0.202411081344/tools/bin/../lib/gcc/arm-none-eabi/13.3.1/../../../../arm-none-eabi/lib/thumb/v7e-m+fp/hard/crt0.o
LOAD ./Core/Src/main.o
LOAD ./Core/Src/stm32f4xx_hal_msp.o
LOAD ./Core/Src/stm32f4xx_it.o
LOAD ./Core/Src/stm32f4xx_nucleo_bus.o
LOAD ./Core/Src/syscalls.o
LOAD ./Core/Src/sysmem.o
LOAD ./Core/Src/system_stm32f4xx.o
LOAD ./Core/Startup/startup_stm32f446retx.o
LOAD ./Drivers/BSP/Components/vl53l5cx/modules/vl53l5cx_api.o
LOAD ./Drivers/BSP/Components/vl53l5cx/modules/vl53l5cx_plugin_detection_thresholds.o
LOAD ./Drivers/BSP/Components/vl53l5cx/modules/vl53l5cx_plugin_motion_indicator.o
LOAD ./Drivers/BSP/Components/vl53l5cx/modules/vl53l5cx_plugin_xtalk.o
LOAD ./Drivers/BSP/Components/vl53l5cx/porting/platform.o
LOAD ./Drivers/BSP/Components/vl53l5cx/vl53l5cx.o
LOAD ./Drivers/BSP/STM32F4xx_Nucleo/stm32f4xx_nucleo.o
LOAD ./Drivers/STM32F4xx_HAL_Driver/Src/stm32f4xx_hal.o
LOAD ./Drivers/STM32F4xx_HAL_Driver/Src/stm32f4xx_hal_cortex.o
LOAD ./Drivers/STM32F4xx_HAL_Driver/Src/stm32f4xx_hal_dma.o
LOAD ./Drivers/STM32F4xx_HAL_Driver/Src/stm32f4xx_hal_dma_ex.o
LOAD ./Drivers/STM32F4xx_HAL_Driver/Src/stm32f4xx_hal_exti.o
LOAD ./Drivers/STM32F4xx_HAL_Driver/Src/stm32f4xx_hal_flash.o
LOAD ./Drivers/STM32F4xx_HAL_Driver/Src/stm32f4xx_hal_flash_ex.o
LOAD ./Drivers/STM32F4xx_HAL_Driver/Src/stm32f4xx_hal_flash_ramfunc.o
LOAD ./Drivers/STM32F4xx_HAL_Driver/Src/stm32f4xx_hal_gpio.o
LOAD ./Drivers/STM32F4xx_HAL_Driver/Src/stm32f4xx_hal_i2c.o
LOAD ./Drivers/STM32F4xx_HAL_Driver/Src/stm32f4xx_hal_i2c_ex.o
LOAD ./Drivers/STM32F4xx_HAL_Driver/Src/stm32f4xx_hal_pwr.o
LOAD ./Drivers/STM32F4xx_HAL_Driver/Src/stm32f4xx_hal_pwr_ex.o
LOAD ./Drivers/STM32F4xx_HAL_Driver/Src/stm32f4xx_hal_rcc.o
LOAD ./Drivers/STM32F4xx_HAL_Driver/Src/stm32f4xx_hal_rcc_ex.o
LOAD ./Drivers/STM32F4xx_HAL_Driver/Src/stm32f4xx_hal_tim.o
LOAD ./Drivers/STM32F4xx_HAL_Driver/Src/stm32f4xx_hal_tim_ex.o
LOAD ./Drivers/STM32F4xx_HAL_Driver/Src/stm32f4xx_hal_uart.o
LOAD ./TOF/Src/app_tof.o
START GROUP
LOAD C:/Users/Utente/STM32CubeIDE_1.18.0/STM32CubeIDE/plugins/com.st.stm32cube.ide.mcu.externaltools.gnu-tools-for-stm32.13.3.rel1.win32_1.0.0.202411081344/tools/bin/../lib/gcc/arm-none-eabi/13.3.1/../../../../arm-none-eabi/lib/thumb/v7e-m+fp/hard\libc_nano.a
LOAD C:/Users/Utente/STM32CubeIDE_1.18.0/STM32CubeIDE/plugins/com.st.stm32cube.ide.mcu.externaltools.gnu-tools-for-stm32.13.3.rel1.win32_1.0.0.202411081344/tools/bin/../lib/gcc/arm-none-eabi/13.3.1/../../../../arm-none-eabi/lib/thumb/v7e-m+fp/hard\libm.a
END GROUP
START GROUP
LOAD C:/Users/Utente/STM32CubeIDE_1.18.0/STM32CubeIDE/plugins/com.st.stm32cube.ide.mcu.externaltools.gnu-tools-for-stm32.13.3.rel1.win32_1.0.0.202411081344/tools/bin/../lib/gcc/arm-none-eabi/13.3.1/thumb/v7e-m+fp/hard\libgcc.a
LOAD C:/Users/Utente/STM32CubeIDE_1.18.0/STM32CubeIDE/plugins/com.st.stm32cube.ide.mcu.externaltools.gnu-tools-for-stm32.13.3.rel1.win32_1.0.0.202411081344/tools/bin/../lib/gcc/arm-none-eabi/13.3.1/../../../../arm-none-eabi/lib/thumb/v7e-m+fp/hard\libc_nano.a
END GROUP
START GROUP
LOAD C:/Users/Utente/STM32CubeIDE_1.18.0/STM32CubeIDE/plugins/com.st.stm32cube.ide.mcu.externaltools.gnu-tools-for-stm32.13.3.rel1.win32_1.0.0.202411081344/tools/bin/../lib/gcc/arm-none-eabi/13.3.1/thumb/v7e-m+fp/hard\libgcc.a
LOAD C:/Users/Utente/STM32CubeIDE_1.18.0/STM32CubeIDE/plugins/com.st.stm32cube.ide.mcu.externaltools.gnu-tools-for-stm32.13.3.rel1.win32_1.0.0.202411081344/tools/bin/../lib/gcc/arm-none-eabi/13.3.1/../../../../arm-none-eabi/lib/thumb/v7e-m+fp/hard\libc_nano.a
LOAD C:/Users/Utente/STM32CubeIDE_1.18.0/STM32CubeIDE/plugins/com.st.stm32cube.ide.mcu.externaltools.gnu-tools-for-stm32.13.3.rel1.win32_1.0.0.202411081344/tools/bin/../lib/gcc/arm-none-eabi/13.3.1/../../../../arm-none-eabi/lib/thumb/v7e-m+fp/hard\libnosys.a
END GROUP
START GROUP
LOAD C:/Users/Utente/STM32CubeIDE_1.18.0/STM32CubeIDE/plugins/com.st.stm32cube.ide.mcu.externaltools.gnu-tools-for-stm32.13.3.rel1.win32_1.0.0.202411081344/tools/bin/../lib/gcc/arm-none-eabi/13.3.1/thumb/v7e-m+fp/hard\libgcc.a
LOAD C:/Users/Utente/STM32CubeIDE_1.18.0/STM32CubeIDE/plugins/com.st.stm32cube.ide.mcu.externaltools.gnu-tools-for-stm32.13.3.rel1.win32_1.0.0.202411081344/tools/bin/../lib/gcc/arm-none-eabi/13.3.1/../../../../arm-none-eabi/lib/thumb/v7e-m+fp/hard\libc_nano.a
LOAD C:/Users/Utente/STM32CubeIDE_1.18.0/STM32CubeIDE/plugins/com.st.stm32cube.ide.mcu.externaltools.gnu-tools-for-stm32.13.3.rel1.win32_1.0.0.202411081344/tools/bin/../lib/gcc/arm-none-eabi/13.3.1/../../../../arm-none-eabi/lib/thumb/v7e-m+fp/hard\libnosys.a
END GROUP
LOAD C:/Users/Utente/STM32CubeIDE_1.18.0/STM32CubeIDE/plugins/com.st.stm32cube.ide.mcu.externaltools.gnu-tools-for-stm32.13.3.rel1.win32_1.0.0.202411081344/tools/bin/../lib/gcc/arm-none-eabi/13.3.1/thumb/v7e-m+fp/hard/crtend.o
LOAD C:/Users/Utente/STM32CubeIDE_1.18.0/STM32CubeIDE/plugins/com.st.stm32cube.ide.mcu.externaltools.gnu-tools-for-stm32.13.3.rel1.win32_1.0.0.202411081344/tools/bin/../lib/gcc/arm-none-eabi/13.3.1/thumb/v7e-m+fp/hard/crtn.o
                0x20020000                        _estack = (ORIGIN (RAM) + LENGTH (RAM))
                0x00000200                        _Min_Heap_Size = 0x200
                0x00000400                        _Min_Stack_Size = 0x400

.isr_vector     0x08000000      0x1c4
                0x08000000                        . = ALIGN (0x4)
 *(.isr_vector)
 .isr_vector    0x08000000      0x1c4 ./Core/Startup/startup_stm32f446retx.o
                0x08000000                g_pfnVectors
                0x080001c4                        . = ALIGN (0x4)

.text           0x080001d0     0x9a84
                0x080001d0                        . = ALIGN (0x4)
 *(.text)
 .text          0x080001d0       0x40 C:/Users/Utente/STM32CubeIDE_1.18.0/STM32CubeIDE/plugins/com.st.stm32cube.ide.mcu.externaltools.gnu-tools-for-stm32.13.3.rel1.win32_1.0.0.202411081344/tools/bin/../lib/gcc/arm-none-eabi/13.3.1/thumb/v7e-m+fp/hard/crtbegin.o
 .text          0x08000210       0xa0 C:/Users/Utente/STM32CubeIDE_1.18.0/STM32CubeIDE/plugins/com.st.stm32cube.ide.mcu.externaltools.gnu-tools-for-stm32.13.3.rel1.win32_1.0.0.202411081344/tools/bin/../lib/gcc/arm-none-eabi/13.3.1/../../../../arm-none-eabi/lib/thumb/v7e-m+fp/hard\libc_nano.a(libc_a-memchr.o)
                0x08000210                memchr
 .text          0x080002b0       0x30 C:/Users/Utente/STM32CubeIDE_1.18.0/STM32CubeIDE/plugins/com.st.stm32cube.ide.mcu.externaltools.gnu-tools-for-stm32.13.3.rel1.win32_1.0.0.202411081344/tools/bin/../lib/gcc/arm-none-eabi/13.3.1/thumb/v7e-m+fp/hard\libgcc.a(_aeabi_uldivmod.o)
                0x080002b0                __aeabi_uldivmod
 .text          0x080002e0      0x2f8 C:/Users/Utente/STM32CubeIDE_1.18.0/STM32CubeIDE/plugins/com.st.stm32cube.ide.mcu.externaltools.gnu-tools-for-stm32.13.3.rel1.win32_1.0.0.202411081344/tools/bin/../lib/gcc/arm-none-eabi/13.3.1/thumb/v7e-m+fp/hard\libgcc.a(_udivmoddi4.o)
                0x080002e0                __udivmoddi4
 .text          0x080005d8        0x4 C:/Users/Utente/STM32CubeIDE_1.18.0/STM32CubeIDE/plugins/com.st.stm32cube.ide.mcu.externaltools.gnu-tools-for-stm32.13.3.rel1.win32_1.0.0.202411081344/tools/bin/../lib/gcc/arm-none-eabi/13.3.1/thumb/v7e-m+fp/hard\libgcc.a(_dvmd_tls.o)
                0x080005d8                __aeabi_idiv0
                0x080005d8                __aeabi_ldiv0
 *(.text*)
 .text.main     0x080005dc       0xdc ./Core/Src/main.o
                0x080005dc                main
 .text.SystemClock_Config
                0x080006b8       0xdc ./Core/Src/main.o
                0x080006b8                SystemClock_Config
 .text.MX_I2C1_Init
                0x08000794       0x5c ./Core/Src/main.o
 .text.MX_TIM2_Init
                0x080007f0       0xc8 ./Core/Src/main.o
 .text.MX_TIM3_Init
                0x080008b8       0xc8 ./Core/Src/main.o
 .text.MX_USART2_UART_Init
                0x08000980       0x54 ./Core/Src/main.o
 .text.MX_GPIO_Init
                0x080009d4      0x1a0 ./Core/Src/main.o
 .text.HAL_GPIO_EXTI_Callback
                0x08000b74       0x3c ./Core/Src/main.o
                0x08000b74                HAL_GPIO_EXTI_Callback
 .text.Error_Handler
                0x08000bb0        0xc ./Core/Src/main.o
                0x08000bb0                Error_Handler
 .text.HAL_MspInit
                0x08000bbc       0x50 ./Core/Src/stm32f4xx_hal_msp.o
                0x08000bbc                HAL_MspInit
 .text.HAL_I2C_MspInit
                0x08000c0c       0xb0 ./Core/Src/stm32f4xx_hal_msp.o
                0x08000c0c                HAL_I2C_MspInit
 .text.HAL_TIM_PWM_MspInit
                0x08000cbc       0x88 ./Core/Src/stm32f4xx_hal_msp.o
                0x08000cbc                HAL_TIM_PWM_MspInit
 .text.HAL_TIM_MspPostInit
                0x08000d44       0xc0 ./Core/Src/stm32f4xx_hal_msp.o
                0x08000d44                HAL_TIM_MspPostInit
 .text.HAL_UART_MspInit
                0x08000e04       0x90 ./Core/Src/stm32f4xx_hal_msp.o
                0x08000e04                HAL_UART_MspInit
 .text.NMI_Handler
                0x08000e94        0x8 ./Core/Src/stm32f4xx_it.o
                0x08000e94                NMI_Handler
 .text.HardFault_Handler
                0x08000e9c        0x8 ./Core/Src/stm32f4xx_it.o
                0x08000e9c                HardFault_Handler
 .text.MemManage_Handler
                0x08000ea4        0x8 ./Core/Src/stm32f4xx_it.o
                0x08000ea4                MemManage_Handler
 .text.BusFault_Handler
                0x08000eac        0x8 ./Core/Src/stm32f4xx_it.o
                0x08000eac                BusFault_Handler
 .text.UsageFault_Handler
                0x08000eb4        0x8 ./Core/Src/stm32f4xx_it.o
                0x08000eb4                UsageFault_Handler
 .text.SVC_Handler
                0x08000ebc        0xe ./Core/Src/stm32f4xx_it.o
                0x08000ebc                SVC_Handler
 .text.DebugMon_Handler
                0x08000eca        0xe ./Core/Src/stm32f4xx_it.o
                0x08000eca                DebugMon_Handler
 .text.PendSV_Handler
                0x08000ed8        0xe ./Core/Src/stm32f4xx_it.o
                0x08000ed8                PendSV_Handler
 .text.SysTick_Handler
                0x08000ee6        0xc ./Core/Src/stm32f4xx_it.o
                0x08000ee6                SysTick_Handler
 .text.EXTI4_IRQHandler
                0x08000ef2        0xe ./Core/Src/stm32f4xx_it.o
                0x08000ef2                EXTI4_IRQHandler
 .text.TIM2_IRQHandler
                0x08000f00       0x14 ./Core/Src/stm32f4xx_it.o
                0x08000f00                TIM2_IRQHandler
 .text.TIM3_IRQHandler
                0x08000f14       0x14 ./Core/Src/stm32f4xx_it.o
                0x08000f14                TIM3_IRQHandler
 .text.I2C1_EV_IRQHandler
                0x08000f28       0x14 ./Core/Src/stm32f4xx_it.o
                0x08000f28                I2C1_EV_IRQHandler
 .text.I2C1_ER_IRQHandler
                0x08000f3c       0x14 ./Core/Src/stm32f4xx_it.o
                0x08000f3c                I2C1_ER_IRQHandler
 .text.ITM_SendChar
                0x08000f50       0x4e ./Core/Src/syscalls.o
 .text._read    0x08000f9e       0x3a ./Core/Src/syscalls.o
                0x08000f9e                _read
 .text._write   0x08000fd8       0x38 ./Core/Src/syscalls.o
                0x08000fd8                _write
 .text._close   0x08001010       0x18 ./Core/Src/syscalls.o
                0x08001010                _close
 .text._fstat   0x08001028       0x20 ./Core/Src/syscalls.o
                0x08001028                _fstat
 .text._isatty  0x08001048       0x16 ./Core/Src/syscalls.o
                0x08001048                _isatty
 .text._lseek   0x0800105e       0x1a ./Core/Src/syscalls.o
                0x0800105e                _lseek
 .text._sbrk    0x08001078       0x6c ./Core/Src/sysmem.o
                0x08001078                _sbrk
 .text.SystemInit
                0x080010e4       0x24 ./Core/Src/system_stm32f4xx.o
                0x080010e4                SystemInit
 .text.Reset_Handler
                0x08001108       0x50 ./Core/Startup/startup_stm32f446retx.o
                0x08001108                Reset_Handler
 .text.Default_Handler
                0x08001158        0x2 ./Core/Startup/startup_stm32f446retx.o
                0x08001158                RTC_Alarm_IRQHandler
                0x08001158                EXTI2_IRQHandler
                0x08001158                TIM8_CC_IRQHandler
                0x08001158                FMPI2C1_EV_IRQHandler
                0x08001158                SPI4_IRQHandler
                0x08001158                TIM1_CC_IRQHandler
                0x08001158                DMA2_Stream5_IRQHandler
                0x08001158                DMA1_Stream5_IRQHandler
                0x08001158                PVD_IRQHandler
                0x08001158                SDIO_IRQHandler
                0x08001158                TAMP_STAMP_IRQHandler
                0x08001158                CAN2_RX1_IRQHandler
                0x08001158                EXTI3_IRQHandler
                0x08001158                TIM8_TRG_COM_TIM14_IRQHandler
                0x08001158                TIM1_UP_TIM10_IRQHandler
                0x08001158                TIM8_UP_TIM13_IRQHandler
                0x08001158                I2C3_ER_IRQHandler
                0x08001158                EXTI0_IRQHandler
                0x08001158                I2C2_EV_IRQHandler
                0x08001158                DMA1_Stream2_IRQHandler
                0x08001158                CAN1_RX0_IRQHandler
                0x08001158                FPU_IRQHandler
                0x08001158                OTG_HS_WKUP_IRQHandler
                0x08001158                CAN2_SCE_IRQHandler
                0x08001158                DMA2_Stream2_IRQHandler
                0x08001158                SPI1_IRQHandler
                0x08001158                TIM6_DAC_IRQHandler
                0x08001158                TIM1_BRK_TIM9_IRQHandler
                0x08001158                DCMI_IRQHandler
                0x08001158                CAN2_RX0_IRQHandler
                0x08001158                DMA2_Stream3_IRQHandler
                0x08001158                SAI2_IRQHandler
                0x08001158                USART6_IRQHandler
                0x08001158                USART3_IRQHandler
                0x08001158                CAN1_RX1_IRQHandler
                0x08001158                UART5_IRQHandler
                0x08001158                DMA2_Stream0_IRQHandler
                0x08001158                TIM4_IRQHandler
                0x08001158                QUADSPI_IRQHandler
                0x08001158                DMA1_Stream6_IRQHandler
                0x08001158                DMA1_Stream1_IRQHandler
                0x08001158                UART4_IRQHandler
                0x08001158                RCC_IRQHandler
                0x08001158                TIM8_BRK_TIM12_IRQHandler
                0x08001158                Default_Handler
                0x08001158                CEC_IRQHandler
                0x08001158                EXTI15_10_IRQHandler
                0x08001158                ADC_IRQHandler
                0x08001158                DMA1_Stream7_IRQHandler
                0x08001158                TIM7_IRQHandler
                0x08001158                CAN2_TX_IRQHandler
                0x08001158                TIM5_IRQHandler
                0x08001158                DMA2_Stream7_IRQHandler
                0x08001158                I2C3_EV_IRQHandler
                0x08001158                EXTI9_5_IRQHandler
                0x08001158                RTC_WKUP_IRQHandler
                0x08001158                SPDIF_RX_IRQHandler
                0x08001158                SPI2_IRQHandler
                0x08001158                OTG_HS_EP1_IN_IRQHandler
                0x08001158                DMA1_Stream0_IRQHandler
                0x08001158                CAN1_TX_IRQHandler
                0x08001158                FMPI2C1_ER_IRQHandler
                0x08001158                OTG_HS_EP1_OUT_IRQHandler
                0x08001158                WWDG_IRQHandler
                0x08001158                OTG_FS_WKUP_IRQHandler
                0x08001158                TIM1_TRG_COM_TIM11_IRQHandler
                0x08001158                OTG_HS_IRQHandler
                0x08001158                EXTI1_IRQHandler
                0x08001158                USART2_IRQHandler
                0x08001158                I2C2_ER_IRQHandler
                0x08001158                DMA2_Stream1_IRQHandler
                0x08001158                CAN1_SCE_IRQHandler
                0x08001158                FLASH_IRQHandler
                0x08001158                DMA2_Stream4_IRQHandler
                0x08001158                USART1_IRQHandler
                0x08001158                OTG_FS_IRQHandler
                0x08001158                SPI3_IRQHandler
                0x08001158                DMA1_Stream4_IRQHandler
                0x08001158                FMC_IRQHandler
                0x08001158                DMA2_Stream6_IRQHandler
                0x08001158                SAI1_IRQHandler
                0x08001158                DMA1_Stream3_IRQHandler
 .text._vl53l5cx_poll_for_answer
                0x0800115a       0xa8 ./Drivers/BSP/Components/vl53l5cx/modules/vl53l5cx_api.o
 .text._vl53l5cx_poll_for_mcu_boot
                0x08001202       0x8a ./Drivers/BSP/Components/vl53l5cx/modules/vl53l5cx_api.o
 .text._vl53l5cx_send_offset_data
                0x0800128c      0x39c ./Drivers/BSP/Components/vl53l5cx/modules/vl53l5cx_api.o
 .text._vl53l5cx_send_xtalk_data
                0x08001628      0x298 ./Drivers/BSP/Components/vl53l5cx/modules/vl53l5cx_api.o
 .text.vl53l5cx_init
                0x080018c0      0xa0c ./Drivers/BSP/Components/vl53l5cx/modules/vl53l5cx_api.o
                0x080018c0                vl53l5cx_init
 .text.vl53l5cx_start_ranging
                0x080022cc      0x2d4 ./Drivers/BSP/Components/vl53l5cx/modules/vl53l5cx_api.o
                0x080022cc                vl53l5cx_start_ranging
 .text.vl53l5cx_check_data_ready
                0x080025a0       0xa4 ./Drivers/BSP/Components/vl53l5cx/modules/vl53l5cx_api.o
                0x080025a0                vl53l5cx_check_data_ready
 .text.vl53l5cx_get_ranging_data
                0x08002644      0x250 ./Drivers/BSP/Components/vl53l5cx/modules/vl53l5cx_api.o
                0x08002644                vl53l5cx_get_ranging_data
 .text.vl53l5cx_get_resolution
                0x08002894       0x4a ./Drivers/BSP/Components/vl53l5cx/modules/vl53l5cx_api.o
                0x08002894                vl53l5cx_get_resolution
 .text.vl53l5cx_set_resolution
                0x080028de      0x1a8 ./Drivers/BSP/Components/vl53l5cx/modules/vl53l5cx_api.o
                0x080028de                vl53l5cx_set_resolution
 .text.vl53l5cx_set_ranging_frequency_hz
                0x08002a86       0x42 ./Drivers/BSP/Components/vl53l5cx/modules/vl53l5cx_api.o
                0x08002a86                vl53l5cx_set_ranging_frequency_hz
 .text.vl53l5cx_set_sharpener_percent
                0x08002ac8       0x70 ./Drivers/BSP/Components/vl53l5cx/modules/vl53l5cx_api.o
                0x08002ac8                vl53l5cx_set_sharpener_percent
 .text.vl53l5cx_set_target_order
                0x08002b38       0x58 ./Drivers/BSP/Components/vl53l5cx/modules/vl53l5cx_api.o
                0x08002b38                vl53l5cx_set_target_order
 .text.vl53l5cx_set_ranging_mode
                0x08002b90       0xae ./Drivers/BSP/Components/vl53l5cx/modules/vl53l5cx_api.o
                0x08002b90                vl53l5cx_set_ranging_mode
 *fill*         0x08002c3e        0x2 
 .text.vl53l5cx_dci_read_data
                0x08002c40       0xf4 ./Drivers/BSP/Components/vl53l5cx/modules/vl53l5cx_api.o
                0x08002c40                vl53l5cx_dci_read_data
 .text.vl53l5cx_dci_write_data
                0x08002d34      0x13e ./Drivers/BSP/Components/vl53l5cx/modules/vl53l5cx_api.o
                0x08002d34                vl53l5cx_dci_write_data
 .text.vl53l5cx_dci_replace_data
                0x08002e72       0x58 ./Drivers/BSP/Components/vl53l5cx/modules/vl53l5cx_api.o
                0x08002e72                vl53l5cx_dci_replace_data
 .text.vl53l5cx_set_detection_thresholds_enable
                0x08002eca       0x8c ./Drivers/BSP/Components/vl53l5cx/modules/vl53l5cx_plugin_detection_thresholds.o
                0x08002eca                vl53l5cx_set_detection_thresholds_enable
 .text.VL53L5CX_RdByte
                0x08002f56       0x28 ./Drivers/BSP/Components/vl53l5cx/porting/platform.o
                0x08002f56                VL53L5CX_RdByte
 .text.VL53L5CX_WrByte
                0x08002f7e       0x2a ./Drivers/BSP/Components/vl53l5cx/porting/platform.o
                0x08002f7e                VL53L5CX_WrByte
 .text.VL53L5CX_WrMulti
                0x08002fa8       0x2c ./Drivers/BSP/Components/vl53l5cx/porting/platform.o
                0x08002fa8                VL53L5CX_WrMulti
 .text.VL53L5CX_RdMulti
                0x08002fd4       0x2c ./Drivers/BSP/Components/vl53l5cx/porting/platform.o
                0x08002fd4                VL53L5CX_RdMulti
 .text.VL53L5CX_SwapBuffer
                0x08003000       0x6c ./Drivers/BSP/Components/vl53l5cx/porting/platform.o
                0x08003000                VL53L5CX_SwapBuffer
 .text.VL53L5CX_WaitMs
                0x0800306c       0x34 ./Drivers/BSP/Components/vl53l5cx/porting/platform.o
                0x0800306c                VL53L5CX_WaitMs
 .text.VL53L5CX_I2C_Write
                0x080030a0       0x48 ./Drivers/BSP/Components/vl53l5cx/porting/platform.o
                0x080030a0                VL53L5CX_I2C_Write
 .text.VL53L5CX_I2C_Read
                0x080030e8       0x48 ./Drivers/BSP/Components/vl53l5cx/porting/platform.o
                0x080030e8                VL53L5CX_I2C_Read
 .text.VL53L5CX_GetTick
                0x08003130        0xe ./Drivers/BSP/Components/vl53l5cx/porting/platform.o
                0x08003130                VL53L5CX_GetTick
 *fill*         0x0800313e        0x2 
 .text.HAL_Init
                0x08003140       0x44 ./Drivers/STM32F4xx_HAL_Driver/Src/stm32f4xx_hal.o
                0x08003140                HAL_Init
 .text.HAL_InitTick
                0x08003184       0x60 ./Drivers/STM32F4xx_HAL_Driver/Src/stm32f4xx_hal.o
                0x08003184                HAL_InitTick
 .text.HAL_IncTick
                0x080031e4       0x28 ./Drivers/STM32F4xx_HAL_Driver/Src/stm32f4xx_hal.o
                0x080031e4                HAL_IncTick
 .text.HAL_GetTick
                0x0800320c       0x18 ./Drivers/STM32F4xx_HAL_Driver/Src/stm32f4xx_hal.o
                0x0800320c                HAL_GetTick
 .text.HAL_Delay
                0x08003224       0x48 ./Drivers/STM32F4xx_HAL_Driver/Src/stm32f4xx_hal.o
                0x08003224                HAL_Delay
 .text.__NVIC_SetPriorityGrouping
                0x0800326c       0x48 ./Drivers/STM32F4xx_HAL_Driver/Src/stm32f4xx_hal_cortex.o
 .text.__NVIC_GetPriorityGrouping
                0x080032b4       0x1c ./Drivers/STM32F4xx_HAL_Driver/Src/stm32f4xx_hal_cortex.o
 .text.__NVIC_EnableIRQ
                0x080032d0       0x3c ./Drivers/STM32F4xx_HAL_Driver/Src/stm32f4xx_hal_cortex.o
 .text.__NVIC_SetPriority
                0x0800330c       0x54 ./Drivers/STM32F4xx_HAL_Driver/Src/stm32f4xx_hal_cortex.o
 .text.NVIC_EncodePriority
                0x08003360       0x66 ./Drivers/STM32F4xx_HAL_Driver/Src/stm32f4xx_hal_cortex.o
 *fill*         0x080033c6        0x2 
 .text.SysTick_Config
                0x080033c8       0x44 ./Drivers/STM32F4xx_HAL_Driver/Src/stm32f4xx_hal_cortex.o
 .text.HAL_NVIC_SetPriorityGrouping
                0x0800340c       0x16 ./Drivers/STM32F4xx_HAL_Driver/Src/stm32f4xx_hal_cortex.o
                0x0800340c                HAL_NVIC_SetPriorityGrouping
 .text.HAL_NVIC_SetPriority
                0x08003422       0x38 ./Drivers/STM32F4xx_HAL_Driver/Src/stm32f4xx_hal_cortex.o
                0x08003422                HAL_NVIC_SetPriority
 .text.HAL_NVIC_EnableIRQ
                0x0800345a       0x1c ./Drivers/STM32F4xx_HAL_Driver/Src/stm32f4xx_hal_cortex.o
                0x0800345a                HAL_NVIC_EnableIRQ
 .text.HAL_SYSTICK_Config
                0x08003476       0x18 ./Drivers/STM32F4xx_HAL_Driver/Src/stm32f4xx_hal_cortex.o
                0x08003476                HAL_SYSTICK_Config
 .text.HAL_DMA_Abort_IT
                0x0800348e       0x44 ./Drivers/STM32F4xx_HAL_Driver/Src/stm32f4xx_hal_dma.o
                0x0800348e                HAL_DMA_Abort_IT
 .text.HAL_DMA_GetState
                0x080034d2       0x1c ./Drivers/STM32F4xx_HAL_Driver/Src/stm32f4xx_hal_dma.o
                0x080034d2                HAL_DMA_GetState
 *fill*         0x080034ee        0x2 
 .text.HAL_GPIO_Init
                0x080034f0      0x328 ./Drivers/STM32F4xx_HAL_Driver/Src/stm32f4xx_hal_gpio.o
                0x080034f0                HAL_GPIO_Init
 .text.HAL_GPIO_WritePin
                0x08003818       0x32 ./Drivers/STM32F4xx_HAL_Driver/Src/stm32f4xx_hal_gpio.o
                0x08003818                HAL_GPIO_WritePin
 *fill*         0x0800384a        0x2 
 .text.HAL_GPIO_EXTI_IRQHandler
                0x0800384c       0x30 ./Drivers/STM32F4xx_HAL_Driver/Src/stm32f4xx_hal_gpio.o
                0x0800384c                HAL_GPIO_EXTI_IRQHandler
 .text.HAL_I2C_Init
                0x0800387c      0x288 ./Drivers/STM32F4xx_HAL_Driver/Src/stm32f4xx_hal_i2c.o
                0x0800387c                HAL_I2C_Init
 .text.I2C_Flush_DR
                0x08003b04       0x2a ./Drivers/STM32F4xx_HAL_Driver/Src/stm32f4xx_hal_i2c.o
 *fill*         0x08003b2e        0x2 
 .text.HAL_I2C_Mem_Write
                0x08003b30      0x1f4 ./Drivers/STM32F4xx_HAL_Driver/Src/stm32f4xx_hal_i2c.o
                0x08003b30                HAL_I2C_Mem_Write
 .text.HAL_I2C_Mem_Read
                0x08003d24      0x464 ./Drivers/STM32F4xx_HAL_Driver/Src/stm32f4xx_hal_i2c.o
                0x08003d24                HAL_I2C_Mem_Read
 .text.HAL_I2C_EV_IRQHandler
                0x08004188      0x2e2 ./Drivers/STM32F4xx_HAL_Driver/Src/stm32f4xx_hal_i2c.o
                0x08004188                HAL_I2C_EV_IRQHandler
 .text.HAL_I2C_ER_IRQHandler
                0x0800446a      0x14e ./Drivers/STM32F4xx_HAL_Driver/Src/stm32f4xx_hal_i2c.o
                0x0800446a                HAL_I2C_ER_IRQHandler
 .text.HAL_I2C_MasterTxCpltCallback
                0x080045b8       0x14 ./Drivers/STM32F4xx_HAL_Driver/Src/stm32f4xx_hal_i2c.o
                0x080045b8                HAL_I2C_MasterTxCpltCallback
 .text.HAL_I2C_MasterRxCpltCallback
                0x080045cc       0x14 ./Drivers/STM32F4xx_HAL_Driver/Src/stm32f4xx_hal_i2c.o
                0x080045cc                HAL_I2C_MasterRxCpltCallback
 .text.HAL_I2C_SlaveTxCpltCallback
                0x080045e0       0x14 ./Drivers/STM32F4xx_HAL_Driver/Src/stm32f4xx_hal_i2c.o
                0x080045e0                HAL_I2C_SlaveTxCpltCallback
 .text.HAL_I2C_SlaveRxCpltCallback
                0x080045f4       0x14 ./Drivers/STM32F4xx_HAL_Driver/Src/stm32f4xx_hal_i2c.o
                0x080045f4                HAL_I2C_SlaveRxCpltCallback
 .text.HAL_I2C_AddrCallback
                0x08004608       0x1c ./Drivers/STM32F4xx_HAL_Driver/Src/stm32f4xx_hal_i2c.o
                0x08004608                HAL_I2C_AddrCallback
 .text.HAL_I2C_ListenCpltCallback
                0x08004624       0x14 ./Drivers/STM32F4xx_HAL_Driver/Src/stm32f4xx_hal_i2c.o
                0x08004624                HAL_I2C_ListenCpltCallback
 .text.HAL_I2C_MemTxCpltCallback
                0x08004638       0x14 ./Drivers/STM32F4xx_HAL_Driver/Src/stm32f4xx_hal_i2c.o
                0x08004638                HAL_I2C_MemTxCpltCallback
 .text.HAL_I2C_MemRxCpltCallback
                0x0800464c       0x14 ./Drivers/STM32F4xx_HAL_Driver/Src/stm32f4xx_hal_i2c.o
                0x0800464c                HAL_I2C_MemRxCpltCallback
 .text.HAL_I2C_ErrorCallback
                0x08004660       0x14 ./Drivers/STM32F4xx_HAL_Driver/Src/stm32f4xx_hal_i2c.o
                0x08004660                HAL_I2C_ErrorCallback
 .text.HAL_I2C_AbortCpltCallback
                0x08004674       0x14 ./Drivers/STM32F4xx_HAL_Driver/Src/stm32f4xx_hal_i2c.o
                0x08004674                HAL_I2C_AbortCpltCallback
 .text.I2C_MasterTransmit_TXE
                0x08004688      0x138 ./Drivers/STM32F4xx_HAL_Driver/Src/stm32f4xx_hal_i2c.o
 .text.I2C_MasterTransmit_BTF
                0x080047c0       0xec ./Drivers/STM32F4xx_HAL_Driver/Src/stm32f4xx_hal_i2c.o
 .text.I2C_MemoryTransmit_TXE_BTF
                0x080048ac      0x130 ./Drivers/STM32F4xx_HAL_Driver/Src/stm32f4xx_hal_i2c.o
 .text.I2C_MasterReceive_RXNE
                0x080049dc      0x190 ./Drivers/STM32F4xx_HAL_Driver/Src/stm32f4xx_hal_i2c.o
 .text.I2C_MasterReceive_BTF
                0x08004b6c      0x1e2 ./Drivers/STM32F4xx_HAL_Driver/Src/stm32f4xx_hal_i2c.o
 .text.I2C_Master_SB
                0x08004d4e      0x10c ./Drivers/STM32F4xx_HAL_Driver/Src/stm32f4xx_hal_i2c.o
 .text.I2C_Master_ADD10
                0x08004e5a       0x54 ./Drivers/STM32F4xx_HAL_Driver/Src/stm32f4xx_hal_i2c.o
 .text.I2C_Master_ADDR
                0x08004eae      0x322 ./Drivers/STM32F4xx_HAL_Driver/Src/stm32f4xx_hal_i2c.o
 .text.I2C_SlaveTransmit_TXE
                0x080051d0       0x7a ./Drivers/STM32F4xx_HAL_Driver/Src/stm32f4xx_hal_i2c.o
 .text.I2C_SlaveTransmit_BTF
                0x0800524a       0x42 ./Drivers/STM32F4xx_HAL_Driver/Src/stm32f4xx_hal_i2c.o
 .text.I2C_SlaveReceive_RXNE
                0x0800528c       0x7c ./Drivers/STM32F4xx_HAL_Driver/Src/stm32f4xx_hal_i2c.o
 .text.I2C_SlaveReceive_BTF
                0x08005308       0x44 ./Drivers/STM32F4xx_HAL_Driver/Src/stm32f4xx_hal_i2c.o
 .text.I2C_Slave_ADDR
                0x0800534c       0x94 ./Drivers/STM32F4xx_HAL_Driver/Src/stm32f4xx_hal_i2c.o
 .text.I2C_Slave_STOPF
                0x080053e0      0x260 ./Drivers/STM32F4xx_HAL_Driver/Src/stm32f4xx_hal_i2c.o
 .text.I2C_Slave_AF
                0x08005640       0xe8 ./Drivers/STM32F4xx_HAL_Driver/Src/stm32f4xx_hal_i2c.o
 .text.I2C_ITError
                0x08005728      0x264 ./Drivers/STM32F4xx_HAL_Driver/Src/stm32f4xx_hal_i2c.o
 .text.I2C_RequestMemoryWrite
                0x0800598c      0x12c ./Drivers/STM32F4xx_HAL_Driver/Src/stm32f4xx_hal_i2c.o
 .text.I2C_RequestMemoryRead
                0x08005ab8      0x1d0 ./Drivers/STM32F4xx_HAL_Driver/Src/stm32f4xx_hal_i2c.o
 .text.I2C_DMAAbort
                0x08005c88      0x150 ./Drivers/STM32F4xx_HAL_Driver/Src/stm32f4xx_hal_i2c.o
 .text.I2C_WaitOnFlagUntilTimeout
                0x08005dd8       0xf4 ./Drivers/STM32F4xx_HAL_Driver/Src/stm32f4xx_hal_i2c.o
 .text.I2C_WaitOnMasterAddressFlagUntilTimeout
                0x08005ecc      0x140 ./Drivers/STM32F4xx_HAL_Driver/Src/stm32f4xx_hal_i2c.o
 .text.I2C_WaitOnTXEFlagUntilTimeout
                0x0800600c       0x90 ./Drivers/STM32F4xx_HAL_Driver/Src/stm32f4xx_hal_i2c.o
 .text.I2C_WaitOnBTFFlagUntilTimeout
                0x0800609c       0x90 ./Drivers/STM32F4xx_HAL_Driver/Src/stm32f4xx_hal_i2c.o
 .text.I2C_WaitOnSTOPRequestThroughIT
                0x0800612c       0x64 ./Drivers/STM32F4xx_HAL_Driver/Src/stm32f4xx_hal_i2c.o
 .text.I2C_WaitOnRXNEFlagUntilTimeout
                0x08006190       0xba ./Drivers/STM32F4xx_HAL_Driver/Src/stm32f4xx_hal_i2c.o
 .text.I2C_IsAcknowledgeFailed
                0x0800624a       0x5e ./Drivers/STM32F4xx_HAL_Driver/Src/stm32f4xx_hal_i2c.o
 .text.I2C_ConvertOtherXferOptions
                0x080062a8       0x36 ./Drivers/STM32F4xx_HAL_Driver/Src/stm32f4xx_hal_i2c.o
 *fill*         0x080062de        0x2 
 .text.HAL_RCC_ClockConfig
                0x080062e0      0x1cc ./Drivers/STM32F4xx_HAL_Driver/Src/stm32f4xx_hal_rcc.o
                0x080062e0                HAL_RCC_ClockConfig
 .text.HAL_RCC_GetHCLKFreq
                0x080064ac       0x18 ./Drivers/STM32F4xx_HAL_Driver/Src/stm32f4xx_hal_rcc.o
                0x080064ac                HAL_RCC_GetHCLKFreq
 .text.HAL_RCC_GetPCLK1Freq
                0x080064c4       0x28 ./Drivers/STM32F4xx_HAL_Driver/Src/stm32f4xx_hal_rcc.o
                0x080064c4                HAL_RCC_GetPCLK1Freq
 .text.HAL_RCC_GetPCLK2Freq
                0x080064ec       0x28 ./Drivers/STM32F4xx_HAL_Driver/Src/stm32f4xx_hal_rcc.o
                0x080064ec                HAL_RCC_GetPCLK2Freq
 .text.HAL_RCC_GetSysClockFreq
                0x08006514      0x460 ./Drivers/STM32F4xx_HAL_Driver/Src/stm32f4xx_hal_rcc_ex.o
                0x08006514                HAL_RCC_GetSysClockFreq
 .text.HAL_RCC_OscConfig
                0x08006974      0x53c ./Drivers/STM32F4xx_HAL_Driver/Src/stm32f4xx_hal_rcc_ex.o
                0x08006974                HAL_RCC_OscConfig
 .text.HAL_TIM_PWM_Init
                0x08006eb0       0x9e ./Drivers/STM32F4xx_HAL_Driver/Src/stm32f4xx_hal_tim.o
                0x08006eb0                HAL_TIM_PWM_Init
 *fill*         0x08006f4e        0x2 
 .text.HAL_TIM_PWM_Start
                0x08006f50      0x190 ./Drivers/STM32F4xx_HAL_Driver/Src/stm32f4xx_hal_tim.o
                0x08006f50                HAL_TIM_PWM_Start
 .text.HAL_TIM_IRQHandler
                0x080070e0      0x1e0 ./Drivers/STM32F4xx_HAL_Driver/Src/stm32f4xx_hal_tim.o
                0x080070e0                HAL_TIM_IRQHandler
 .text.HAL_TIM_PWM_ConfigChannel
                0x080072c0      0x184 ./Drivers/STM32F4xx_HAL_Driver/Src/stm32f4xx_hal_tim.o
                0x080072c0                HAL_TIM_PWM_ConfigChannel
 .text.HAL_TIM_PeriodElapsedCallback
                0x08007444       0x14 ./Drivers/STM32F4xx_HAL_Driver/Src/stm32f4xx_hal_tim.o
                0x08007444                HAL_TIM_PeriodElapsedCallback
 .text.HAL_TIM_OC_DelayElapsedCallback
                0x08007458       0x14 ./Drivers/STM32F4xx_HAL_Driver/Src/stm32f4xx_hal_tim.o
                0x08007458                HAL_TIM_OC_DelayElapsedCallback
 .text.HAL_TIM_IC_CaptureCallback
                0x0800746c       0x14 ./Drivers/STM32F4xx_HAL_Driver/Src/stm32f4xx_hal_tim.o
                0x0800746c                HAL_TIM_IC_CaptureCallback
 .text.HAL_TIM_PWM_PulseFinishedCallback
                0x08007480       0x14 ./Drivers/STM32F4xx_HAL_Driver/Src/stm32f4xx_hal_tim.o
                0x08007480                HAL_TIM_PWM_PulseFinishedCallback
 .text.HAL_TIM_TriggerCallback
                0x08007494       0x14 ./Drivers/STM32F4xx_HAL_Driver/Src/stm32f4xx_hal_tim.o
                0x08007494                HAL_TIM_TriggerCallback
 .text.TIM_Base_SetConfig
                0x080074a8      0x14c ./Drivers/STM32F4xx_HAL_Driver/Src/stm32f4xx_hal_tim.o
                0x080074a8                TIM_Base_SetConfig
 .text.TIM_OC1_SetConfig
                0x080075f4       0xe0 ./Drivers/STM32F4xx_HAL_Driver/Src/stm32f4xx_hal_tim.o
 .text.TIM_OC2_SetConfig
                0x080076d4       0xec ./Drivers/STM32F4xx_HAL_Driver/Src/stm32f4xx_hal_tim.o
                0x080076d4                TIM_OC2_SetConfig
 .text.TIM_OC3_SetConfig
                0x080077c0       0xe8 ./Drivers/STM32F4xx_HAL_Driver/Src/stm32f4xx_hal_tim.o
 .text.TIM_OC4_SetConfig
                0x080078a8       0xac ./Drivers/STM32F4xx_HAL_Driver/Src/stm32f4xx_hal_tim.o
 .text.TIM_CCxChannelCmd
                0x08007954       0x4a ./Drivers/STM32F4xx_HAL_Driver/Src/stm32f4xx_hal_tim.o
                0x08007954                TIM_CCxChannelCmd
 *fill*         0x0800799e        0x2 
 .text.HAL_TIMEx_MasterConfigSynchronization
                0x080079a0       0xf8 ./Drivers/STM32F4xx_HAL_Driver/Src/stm32f4xx_hal_tim_ex.o
                0x080079a0                HAL_TIMEx_MasterConfigSynchronization
 .text.HAL_TIMEx_CommutCallback
                0x08007a98       0x14 ./Drivers/STM32F4xx_HAL_Driver/Src/stm32f4xx_hal_tim_ex.o
                0x08007a98                HAL_TIMEx_CommutCallback
 .text.HAL_TIMEx_BreakCallback
                0x08007aac       0x14 ./Drivers/STM32F4xx_HAL_Driver/Src/stm32f4xx_hal_tim_ex.o
                0x08007aac                HAL_TIMEx_BreakCallback
 .text.HAL_UART_Init
                0x08007ac0       0xa0 ./Drivers/STM32F4xx_HAL_Driver/Src/stm32f4xx_hal_uart.o
                0x08007ac0                HAL_UART_Init
 .text.UART_SetConfig
                0x08007b60      0x4e8 ./Drivers/STM32F4xx_HAL_Driver/Src/stm32f4xx_hal_uart.o
 .text.HardwareReset
                0x08008048       0x50 ./TOF/Src/app_tof.o
                0x08008048                HardwareReset
 .text.Tof_init
                0x08008098       0xb4 ./TOF/Src/app_tof.o
                0x08008098                Tof_init
 .text.Tof_conf
                0x0800814c      0x134 ./TOF/Src/app_tof.o
                0x0800814c                Tof_conf
 .text.feedbackcontroll
                0x08008280      0xa88 ./TOF/Src/app_tof.o
                0x08008280                feedbackcontroll
 .text.std      0x08008d08       0x6c C:/Users/Utente/STM32CubeIDE_1.18.0/STM32CubeIDE/plugins/com.st.stm32cube.ide.mcu.externaltools.gnu-tools-for-stm32.13.3.rel1.win32_1.0.0.202411081344/tools/bin/../lib/gcc/arm-none-eabi/13.3.1/../../../../arm-none-eabi/lib/thumb/v7e-m+fp/hard\libc_nano.a(libc_a-findfp.o)
 .text.stdio_exit_handler
                0x08008d74       0x18 C:/Users/Utente/STM32CubeIDE_1.18.0/STM32CubeIDE/plugins/com.st.stm32cube.ide.mcu.externaltools.gnu-tools-for-stm32.13.3.rel1.win32_1.0.0.202411081344/tools/bin/../lib/gcc/arm-none-eabi/13.3.1/../../../../arm-none-eabi/lib/thumb/v7e-m+fp/hard\libc_nano.a(libc_a-findfp.o)
 .text.cleanup_stdio
                0x08008d8c       0x40 C:/Users/Utente/STM32CubeIDE_1.18.0/STM32CubeIDE/plugins/com.st.stm32cube.ide.mcu.externaltools.gnu-tools-for-stm32.13.3.rel1.win32_1.0.0.202411081344/tools/bin/../lib/gcc/arm-none-eabi/13.3.1/../../../../arm-none-eabi/lib/thumb/v7e-m+fp/hard\libc_nano.a(libc_a-findfp.o)
 .text.global_stdio_init.part.0
                0x08008dcc       0x3c C:/Users/Utente/STM32CubeIDE_1.18.0/STM32CubeIDE/plugins/com.st.stm32cube.ide.mcu.externaltools.gnu-tools-for-stm32.13.3.rel1.win32_1.0.0.202411081344/tools/bin/../lib/gcc/arm-none-eabi/13.3.1/../../../../arm-none-eabi/lib/thumb/v7e-m+fp/hard\libc_nano.a(libc_a-findfp.o)
 .text.__sfp_lock_acquire
                0x08008e08        0xc C:/Users/Utente/STM32CubeIDE_1.18.0/STM32CubeIDE/plugins/com.st.stm32cube.ide.mcu.externaltools.gnu-tools-for-stm32.13.3.rel1.win32_1.0.0.202411081344/tools/bin/../lib/gcc/arm-none-eabi/13.3.1/../../../../arm-none-eabi/lib/thumb/v7e-m+fp/hard\libc_nano.a(libc_a-findfp.o)
                0x08008e08                __sfp_lock_acquire
 .text.__sfp_lock_release
                0x08008e14        0xc C:/Users/Utente/STM32CubeIDE_1.18.0/STM32CubeIDE/plugins/com.st.stm32cube.ide.mcu.externaltools.gnu-tools-for-stm32.13.3.rel1.win32_1.0.0.202411081344/tools/bin/../lib/gcc/arm-none-eabi/13.3.1/../../../../arm-none-eabi/lib/thumb/v7e-m+fp/hard\libc_nano.a(libc_a-findfp.o)
                0x08008e14                __sfp_lock_release
 .text.__sinit  0x08008e20       0x30 C:/Users/Utente/STM32CubeIDE_1.18.0/STM32CubeIDE/plugins/com.st.stm32cube.ide.mcu.externaltools.gnu-tools-for-stm32.13.3.rel1.win32_1.0.0.202411081344/tools/bin/../lib/gcc/arm-none-eabi/13.3.1/../../../../arm-none-eabi/lib/thumb/v7e-m+fp/hard\libc_nano.a(libc_a-findfp.o)
                0x08008e20                __sinit
 .text._fwalk_sglue
                0x08008e50       0x3c C:/Users/Utente/STM32CubeIDE_1.18.0/STM32CubeIDE/plugins/com.st.stm32cube.ide.mcu.externaltools.gnu-tools-for-stm32.13.3.rel1.win32_1.0.0.202411081344/tools/bin/../lib/gcc/arm-none-eabi/13.3.1/../../../../arm-none-eabi/lib/thumb/v7e-m+fp/hard\libc_nano.a(libc_a-fwalk.o)
                0x08008e50                _fwalk_sglue
 .text.printf   0x08008e8c       0x24 C:/Users/Utente/STM32CubeIDE_1.18.0/STM32CubeIDE/plugins/com.st.stm32cube.ide.mcu.externaltools.gnu-tools-for-stm32.13.3.rel1.win32_1.0.0.202411081344/tools/bin/../lib/gcc/arm-none-eabi/13.3.1/../../../../arm-none-eabi/lib/thumb/v7e-m+fp/hard\libc_nano.a(libc_a-printf.o)
                0x08008e8c                iprintf
                0x08008e8c                printf
 .text._puts_r  0x08008eb0       0xaa C:/Users/Utente/STM32CubeIDE_1.18.0/STM32CubeIDE/plugins/com.st.stm32cube.ide.mcu.externaltools.gnu-tools-for-stm32.13.3.rel1.win32_1.0.0.202411081344/tools/bin/../lib/gcc/arm-none-eabi/13.3.1/../../../../arm-none-eabi/lib/thumb/v7e-m+fp/hard\libc_nano.a(libc_a-puts.o)
                0x08008eb0                _puts_r
 *fill*         0x08008f5a        0x2 
 .text.puts     0x08008f5c       0x10 C:/Users/Utente/STM32CubeIDE_1.18.0/STM32CubeIDE/plugins/com.st.stm32cube.ide.mcu.externaltools.gnu-tools-for-stm32.13.3.rel1.win32_1.0.0.202411081344/tools/bin/../lib/gcc/arm-none-eabi/13.3.1/../../../../arm-none-eabi/lib/thumb/v7e-m+fp/hard\libc_nano.a(libc_a-puts.o)
                0x08008f5c                puts
 .text.__sread  0x08008f6c       0x22 C:/Users/Utente/STM32CubeIDE_1.18.0/STM32CubeIDE/plugins/com.st.stm32cube.ide.mcu.externaltools.gnu-tools-for-stm32.13.3.rel1.win32_1.0.0.202411081344/tools/bin/../lib/gcc/arm-none-eabi/13.3.1/../../../../arm-none-eabi/lib/thumb/v7e-m+fp/hard\libc_nano.a(libc_a-stdio.o)
                0x08008f6c                __sread
 .text.__swrite
                0x08008f8e       0x38 C:/Users/Utente/STM32CubeIDE_1.18.0/STM32CubeIDE/plugins/com.st.stm32cube.ide.mcu.externaltools.gnu-tools-for-stm32.13.3.rel1.win32_1.0.0.202411081344/tools/bin/../lib/gcc/arm-none-eabi/13.3.1/../../../../arm-none-eabi/lib/thumb/v7e-m+fp/hard\libc_nano.a(libc_a-stdio.o)
                0x08008f8e                __swrite
 .text.__sseek  0x08008fc6       0x24 C:/Users/Utente/STM32CubeIDE_1.18.0/STM32CubeIDE/plugins/com.st.stm32cube.ide.mcu.externaltools.gnu-tools-for-stm32.13.3.rel1.win32_1.0.0.202411081344/tools/bin/../lib/gcc/arm-none-eabi/13.3.1/../../../../arm-none-eabi/lib/thumb/v7e-m+fp/hard\libc_nano.a(libc_a-stdio.o)
                0x08008fc6                __sseek
 .text.__sclose
                0x08008fea        0x8 C:/Users/Utente/STM32CubeIDE_1.18.0/STM32CubeIDE/plugins/com.st.stm32cube.ide.mcu.externaltools.gnu-tools-for-stm32.13.3.rel1.win32_1.0.0.202411081344/tools/bin/../lib/gcc/arm-none-eabi/13.3.1/../../../../arm-none-eabi/lib/thumb/v7e-m+fp/hard\libc_nano.a(libc_a-stdio.o)
                0x08008fea                __sclose
 .text.__swbuf_r
                0x08008ff2       0x7c C:/Users/Utente/STM32CubeIDE_1.18.0/STM32CubeIDE/plugins/com.st.stm32cube.ide.mcu.externaltools.gnu-tools-for-stm32.13.3.rel1.win32_1.0.0.202411081344/tools/bin/../lib/gcc/arm-none-eabi/13.3.1/../../../../arm-none-eabi/lib/thumb/v7e-m+fp/hard\libc_nano.a(libc_a-wbuf.o)
                0x08008ff2                __swbuf_r
 *fill*         0x0800906e        0x2 
 .text.__swsetup_r
                0x08009070       0xac C:/Users/Utente/STM32CubeIDE_1.18.0/STM32CubeIDE/plugins/com.st.stm32cube.ide.mcu.externaltools.gnu-tools-for-stm32.13.3.rel1.win32_1.0.0.202411081344/tools/bin/../lib/gcc/arm-none-eabi/13.3.1/../../../../arm-none-eabi/lib/thumb/v7e-m+fp/hard\libc_nano.a(libc_a-wsetup.o)
                0x08009070                __swsetup_r
 .text.memset   0x0800911c       0x10 C:/Users/Utente/STM32CubeIDE_1.18.0/STM32CubeIDE/plugins/com.st.stm32cube.ide.mcu.externaltools.gnu-tools-for-stm32.13.3.rel1.win32_1.0.0.202411081344/tools/bin/../lib/gcc/arm-none-eabi/13.3.1/../../../../arm-none-eabi/lib/thumb/v7e-m+fp/hard\libc_nano.a(libc_a-memset.o)
                0x0800911c                memset
 .text._close_r
                0x0800912c       0x20 C:/Users/Utente/STM32CubeIDE_1.18.0/STM32CubeIDE/plugins/com.st.stm32cube.ide.mcu.externaltools.gnu-tools-for-stm32.13.3.rel1.win32_1.0.0.202411081344/tools/bin/../lib/gcc/arm-none-eabi/13.3.1/../../../../arm-none-eabi/lib/thumb/v7e-m+fp/hard\libc_nano.a(libc_a-closer.o)
                0x0800912c                _close_r
 .text._lseek_r
                0x0800914c       0x24 C:/Users/Utente/STM32CubeIDE_1.18.0/STM32CubeIDE/plugins/com.st.stm32cube.ide.mcu.externaltools.gnu-tools-for-stm32.13.3.rel1.win32_1.0.0.202411081344/tools/bin/../lib/gcc/arm-none-eabi/13.3.1/../../../../arm-none-eabi/lib/thumb/v7e-m+fp/hard\libc_nano.a(libc_a-lseekr.o)
                0x0800914c                _lseek_r
 .text._read_r  0x08009170       0x24 C:/Users/Utente/STM32CubeIDE_1.18.0/STM32CubeIDE/plugins/com.st.stm32cube.ide.mcu.externaltools.gnu-tools-for-stm32.13.3.rel1.win32_1.0.0.202411081344/tools/bin/../lib/gcc/arm-none-eabi/13.3.1/../../../../arm-none-eabi/lib/thumb/v7e-m+fp/hard\libc_nano.a(libc_a-readr.o)
                0x08009170                _read_r
 .text._write_r
                0x08009194       0x24 C:/Users/Utente/STM32CubeIDE_1.18.0/STM32CubeIDE/plugins/com.st.stm32cube.ide.mcu.externaltools.gnu-tools-for-stm32.13.3.rel1.win32_1.0.0.202411081344/tools/bin/../lib/gcc/arm-none-eabi/13.3.1/../../../../arm-none-eabi/lib/thumb/v7e-m+fp/hard\libc_nano.a(libc_a-writer.o)
                0x08009194                _write_r
 .text.__errno  0x080091b8        0xc C:/Users/Utente/STM32CubeIDE_1.18.0/STM32CubeIDE/plugins/com.st.stm32cube.ide.mcu.externaltools.gnu-tools-for-stm32.13.3.rel1.win32_1.0.0.202411081344/tools/bin/../lib/gcc/arm-none-eabi/13.3.1/../../../../arm-none-eabi/lib/thumb/v7e-m+fp/hard\libc_nano.a(libc_a-errno.o)
                0x080091b8                __errno
 .text.__libc_init_array
                0x080091c4       0x48 C:/Users/Utente/STM32CubeIDE_1.18.0/STM32CubeIDE/plugins/com.st.stm32cube.ide.mcu.externaltools.gnu-tools-for-stm32.13.3.rel1.win32_1.0.0.202411081344/tools/bin/../lib/gcc/arm-none-eabi/13.3.1/../../../../arm-none-eabi/lib/thumb/v7e-m+fp/hard\libc_nano.a(libc_a-init.o)
                0x080091c4                __libc_init_array
 .text.__retarget_lock_init_recursive
                0x0800920c        0x2 C:/Users/Utente/STM32CubeIDE_1.18.0/STM32CubeIDE/plugins/com.st.stm32cube.ide.mcu.externaltools.gnu-tools-for-stm32.13.3.rel1.win32_1.0.0.202411081344/tools/bin/../lib/gcc/arm-none-eabi/13.3.1/../../../../arm-none-eabi/lib/thumb/v7e-m+fp/hard\libc_nano.a(libc_a-lock.o)
                0x0800920c                __retarget_lock_init_recursive
 .text.__retarget_lock_acquire_recursive
                0x0800920e        0x2 C:/Users/Utente/STM32CubeIDE_1.18.0/STM32CubeIDE/plugins/com.st.stm32cube.ide.mcu.externaltools.gnu-tools-for-stm32.13.3.rel1.win32_1.0.0.202411081344/tools/bin/../lib/gcc/arm-none-eabi/13.3.1/../../../../arm-none-eabi/lib/thumb/v7e-m+fp/hard\libc_nano.a(libc_a-lock.o)
                0x0800920e                __retarget_lock_acquire_recursive
 .text.__retarget_lock_release_recursive
                0x08009210        0x2 C:/Users/Utente/STM32CubeIDE_1.18.0/STM32CubeIDE/plugins/com.st.stm32cube.ide.mcu.externaltools.gnu-tools-for-stm32.13.3.rel1.win32_1.0.0.202411081344/tools/bin/../lib/gcc/arm-none-eabi/13.3.1/../../../../arm-none-eabi/lib/thumb/v7e-m+fp/hard\libc_nano.a(libc_a-lock.o)
                0x08009210                __retarget_lock_release_recursive
 .text.memcpy   0x08009212       0x1c C:/Users/Utente/STM32CubeIDE_1.18.0/STM32CubeIDE/plugins/com.st.stm32cube.ide.mcu.externaltools.gnu-tools-for-stm32.13.3.rel1.win32_1.0.0.202411081344/tools/bin/../lib/gcc/arm-none-eabi/13.3.1/../../../../arm-none-eabi/lib/thumb/v7e-m+fp/hard\libc_nano.a(libc_a-memcpy-stub.o)
                0x08009212                memcpy
 *fill*         0x0800922e        0x2 
 .text._free_r  0x08009230       0x94 C:/Users/Utente/STM32CubeIDE_1.18.0/STM32CubeIDE/plugins/com.st.stm32cube.ide.mcu.externaltools.gnu-tools-for-stm32.13.3.rel1.win32_1.0.0.202411081344/tools/bin/../lib/gcc/arm-none-eabi/13.3.1/../../../../arm-none-eabi/lib/thumb/v7e-m+fp/hard\libc_nano.a(libc_a-freer.o)
                0x08009230                _free_r
 .text.sbrk_aligned
                0x080092c4       0x44 C:/Users/Utente/STM32CubeIDE_1.18.0/STM32CubeIDE/plugins/com.st.stm32cube.ide.mcu.externaltools.gnu-tools-for-stm32.13.3.rel1.win32_1.0.0.202411081344/tools/bin/../lib/gcc/arm-none-eabi/13.3.1/../../../../arm-none-eabi/lib/thumb/v7e-m+fp/hard\libc_nano.a(libc_a-mallocr.o)
 .text._malloc_r
                0x08009308      0x100 C:/Users/Utente/STM32CubeIDE_1.18.0/STM32CubeIDE/plugins/com.st.stm32cube.ide.mcu.externaltools.gnu-tools-for-stm32.13.3.rel1.win32_1.0.0.202411081344/tools/bin/../lib/gcc/arm-none-eabi/13.3.1/../../../../arm-none-eabi/lib/thumb/v7e-m+fp/hard\libc_nano.a(libc_a-mallocr.o)
                0x08009308                _malloc_r
 .text.__malloc_lock
                0x08009408        0xc C:/Users/Utente/STM32CubeIDE_1.18.0/STM32CubeIDE/plugins/com.st.stm32cube.ide.mcu.externaltools.gnu-tools-for-stm32.13.3.rel1.win32_1.0.0.202411081344/tools/bin/../lib/gcc/arm-none-eabi/13.3.1/../../../../arm-none-eabi/lib/thumb/v7e-m+fp/hard\libc_nano.a(libc_a-mlock.o)
                0x08009408                __malloc_lock
 .text.__malloc_unlock
                0x08009414        0xc C:/Users/Utente/STM32CubeIDE_1.18.0/STM32CubeIDE/plugins/com.st.stm32cube.ide.mcu.externaltools.gnu-tools-for-stm32.13.3.rel1.win32_1.0.0.202411081344/tools/bin/../lib/gcc/arm-none-eabi/13.3.1/../../../../arm-none-eabi/lib/thumb/v7e-m+fp/hard\libc_nano.a(libc_a-mlock.o)
                0x08009414                __malloc_unlock
 .text.__sfputc_r
                0x08009420       0x2e C:/Users/Utente/STM32CubeIDE_1.18.0/STM32CubeIDE/plugins/com.st.stm32cube.ide.mcu.externaltools.gnu-tools-for-stm32.13.3.rel1.win32_1.0.0.202411081344/tools/bin/../lib/gcc/arm-none-eabi/13.3.1/../../../../arm-none-eabi/lib/thumb/v7e-m+fp/hard\libc_nano.a(libc_a-nano-vfprintf.o)
 .text.__sfputs_r
                0x0800944e       0x24 C:/Users/Utente/STM32CubeIDE_1.18.0/STM32CubeIDE/plugins/com.st.stm32cube.ide.mcu.externaltools.gnu-tools-for-stm32.13.3.rel1.win32_1.0.0.202411081344/tools/bin/../lib/gcc/arm-none-eabi/13.3.1/../../../../arm-none-eabi/lib/thumb/v7e-m+fp/hard\libc_nano.a(libc_a-nano-vfprintf.o)
                0x0800944e                __sfputs_r
 *fill*         0x08009472        0x2 
 .text._vfprintf_r
                0x08009474      0x230 C:/Users/Utente/STM32CubeIDE_1.18.0/STM32CubeIDE/plugins/com.st.stm32cube.ide.mcu.externaltools.gnu-tools-for-stm32.13.3.rel1.win32_1.0.0.202411081344/tools/bin/../lib/gcc/arm-none-eabi/13.3.1/../../../../arm-none-eabi/lib/thumb/v7e-m+fp/hard\libc_nano.a(libc_a-nano-vfprintf.o)
                0x08009474                _vfprintf_r
                0x08009474                _vfiprintf_r
 .text._printf_common
                0x080096a4       0xda C:/Users/Utente/STM32CubeIDE_1.18.0/STM32CubeIDE/plugins/com.st.stm32cube.ide.mcu.externaltools.gnu-tools-for-stm32.13.3.rel1.win32_1.0.0.202411081344/tools/bin/../lib/gcc/arm-none-eabi/13.3.1/../../../../arm-none-eabi/lib/thumb/v7e-m+fp/hard\libc_nano.a(libc_a-nano-vfprintf_i.o)
                0x080096a4                _printf_common
 *fill*         0x0800977e        0x2 
 .text._printf_i
                0x08009780      0x23c C:/Users/Utente/STM32CubeIDE_1.18.0/STM32CubeIDE/plugins/com.st.stm32cube.ide.mcu.externaltools.gnu-tools-for-stm32.13.3.rel1.win32_1.0.0.202411081344/tools/bin/../lib/gcc/arm-none-eabi/13.3.1/../../../../arm-none-eabi/lib/thumb/v7e-m+fp/hard\libc_nano.a(libc_a-nano-vfprintf_i.o)
                0x08009780                _printf_i
 .text.__sflush_r
                0x080099bc      0x108 C:/Users/Utente/STM32CubeIDE_1.18.0/STM32CubeIDE/plugins/com.st.stm32cube.ide.mcu.externaltools.gnu-tools-for-stm32.13.3.rel1.win32_1.0.0.202411081344/tools/bin/../lib/gcc/arm-none-eabi/13.3.1/../../../../arm-none-eabi/lib/thumb/v7e-m+fp/hard\libc_nano.a(libc_a-fflush.o)
                0x080099bc                __sflush_r
 .text._fflush_r
                0x08009ac4       0x50 C:/Users/Utente/STM32CubeIDE_1.18.0/STM32CubeIDE/plugins/com.st.stm32cube.ide.mcu.externaltools.gnu-tools-for-stm32.13.3.rel1.win32_1.0.0.202411081344/tools/bin/../lib/gcc/arm-none-eabi/13.3.1/../../../../arm-none-eabi/lib/thumb/v7e-m+fp/hard\libc_nano.a(libc_a-fflush.o)
                0x08009ac4                _fflush_r
 .text.__swhatbuf_r
                0x08009b14       0x4c C:/Users/Utente/STM32CubeIDE_1.18.0/STM32CubeIDE/plugins/com.st.stm32cube.ide.mcu.externaltools.gnu-tools-for-stm32.13.3.rel1.win32_1.0.0.202411081344/tools/bin/../lib/gcc/arm-none-eabi/13.3.1/../../../../arm-none-eabi/lib/thumb/v7e-m+fp/hard\libc_nano.a(libc_a-makebuf.o)
                0x08009b14                __swhatbuf_r
 .text.__smakebuf_r
                0x08009b60       0x78 C:/Users/Utente/STM32CubeIDE_1.18.0/STM32CubeIDE/plugins/com.st.stm32cube.ide.mcu.externaltools.gnu-tools-for-stm32.13.3.rel1.win32_1.0.0.202411081344/tools/bin/../lib/gcc/arm-none-eabi/13.3.1/../../../../arm-none-eabi/lib/thumb/v7e-m+fp/hard\libc_nano.a(libc_a-makebuf.o)
                0x08009b60                __smakebuf_r
 .text._fstat_r
                0x08009bd8       0x24 C:/Users/Utente/STM32CubeIDE_1.18.0/STM32CubeIDE/plugins/com.st.stm32cube.ide.mcu.externaltools.gnu-tools-for-stm32.13.3.rel1.win32_1.0.0.202411081344/tools/bin/../lib/gcc/arm-none-eabi/13.3.1/../../../../arm-none-eabi/lib/thumb/v7e-m+fp/hard\libc_nano.a(libc_a-fstatr.o)
                0x08009bd8                _fstat_r
 .text._isatty_r
                0x08009bfc       0x20 C:/Users/Utente/STM32CubeIDE_1.18.0/STM32CubeIDE/plugins/com.st.stm32cube.ide.mcu.externaltools.gnu-tools-for-stm32.13.3.rel1.win32_1.0.0.202411081344/tools/bin/../lib/gcc/arm-none-eabi/13.3.1/../../../../arm-none-eabi/lib/thumb/v7e-m+fp/hard\libc_nano.a(libc_a-isattyr.o)
                0x08009bfc                _isatty_r
 .text._sbrk_r  0x08009c1c       0x20 C:/Users/Utente/STM32CubeIDE_1.18.0/STM32CubeIDE/plugins/com.st.stm32cube.ide.mcu.externaltools.gnu-tools-for-stm32.13.3.rel1.win32_1.0.0.202411081344/tools/bin/../lib/gcc/arm-none-eabi/13.3.1/../../../../arm-none-eabi/lib/thumb/v7e-m+fp/hard\libc_nano.a(libc_a-sbrkr.o)
                0x08009c1c                _sbrk_r
 *(.glue_7)
 .glue_7        0x08009c3c        0x0 linker stubs
 *(.glue_7t)
 .glue_7t       0x08009c3c        0x0 linker stubs
 *(.eh_frame)
 .eh_frame      0x08009c3c        0x0 C:/Users/Utente/STM32CubeIDE_1.18.0/STM32CubeIDE/plugins/com.st.stm32cube.ide.mcu.externaltools.gnu-tools-for-stm32.13.3.rel1.win32_1.0.0.202411081344/tools/bin/../lib/gcc/arm-none-eabi/13.3.1/thumb/v7e-m+fp/hard/crtbegin.o
 *(.init)
 .init          0x08009c3c        0x4 C:/Users/Utente/STM32CubeIDE_1.18.0/STM32CubeIDE/plugins/com.st.stm32cube.ide.mcu.externaltools.gnu-tools-for-stm32.13.3.rel1.win32_1.0.0.202411081344/tools/bin/../lib/gcc/arm-none-eabi/13.3.1/thumb/v7e-m+fp/hard/crti.o
                0x08009c3c                _init
 .init          0x08009c40        0x8 C:/Users/Utente/STM32CubeIDE_1.18.0/STM32CubeIDE/plugins/com.st.stm32cube.ide.mcu.externaltools.gnu-tools-for-stm32.13.3.rel1.win32_1.0.0.202411081344/tools/bin/../lib/gcc/arm-none-eabi/13.3.1/thumb/v7e-m+fp/hard/crtn.o
 *(.fini)
 .fini          0x08009c48        0x4 C:/Users/Utente/STM32CubeIDE_1.18.0/STM32CubeIDE/plugins/com.st.stm32cube.ide.mcu.externaltools.gnu-tools-for-stm32.13.3.rel1.win32_1.0.0.202411081344/tools/bin/../lib/gcc/arm-none-eabi/13.3.1/thumb/v7e-m+fp/hard/crti.o
                0x08009c48                _fini
 .fini          0x08009c4c        0x8 C:/Users/Utente/STM32CubeIDE_1.18.0/STM32CubeIDE/plugins/com.st.stm32cube.ide.mcu.externaltools.gnu-tools-for-stm32.13.3.rel1.win32_1.0.0.202411081344/tools/bin/../lib/gcc/arm-none-eabi/13.3.1/thumb/v7e-m+fp/hard/crtn.o
                0x08009c54                        . = ALIGN (0x4)
                0x08009c54                        _etext = .

.vfp11_veneer   0x08009c54        0x0
 .vfp11_veneer  0x08009c54        0x0 linker stubs

.v4_bx          0x08009c54        0x0
 .v4_bx         0x08009c54        0x0 linker stubs

.iplt           0x08009c54        0x0
 .iplt          0x08009c54        0x0 C:/Users/Utente/STM32CubeIDE_1.18.0/STM32CubeIDE/plugins/com.st.stm32cube.ide.mcu.externaltools.gnu-tools-for-stm32.13.3.rel1.win32_1.0.0.202411081344/tools/bin/../lib/gcc/arm-none-eabi/13.3.1/thumb/v7e-m+fp/hard/crtbegin.o

.rodata         0x08009c54    0x15958
                0x08009c54                        . = ALIGN (0x4)
 *(.rodata)
 .rodata        0x08009c54       0x18 ./Core/Src/main.o
 .rodata        0x08009c6c       0x7c ./Drivers/BSP/Components/vl53l5cx/modules/vl53l5cx_api.o
 .rodata        0x08009ce8      0x17c ./TOF/Src/app_tof.o
 *(.rodata*)
 .rodata.AHBPrescTable
                0x08009e64       0x10 ./Core/Src/system_stm32f4xx.o
                0x08009e64                AHBPrescTable
 .rodata.APBPrescTable
                0x08009e74        0x8 ./Core/Src/system_stm32f4xx.o
                0x08009e74                APBPrescTable
 .rodata.VL53L5CX_FIRMWARE
                0x08009e7c    0x15000 ./Drivers/BSP/Components/vl53l5cx/modules/vl53l5cx_api.o
                0x08009e7c                VL53L5CX_FIRMWARE
 .rodata.VL53L5CX_DEFAULT_CONFIGURATION
                0x0801ee7c      0x3cc ./Drivers/BSP/Components/vl53l5cx/modules/vl53l5cx_api.o
                0x0801ee7c                VL53L5CX_DEFAULT_CONFIGURATION
 .rodata.VL53L5CX_DEFAULT_XTALK
                0x0801f248      0x308 ./Drivers/BSP/Components/vl53l5cx/modules/vl53l5cx_api.o
                0x0801f248                VL53L5CX_DEFAULT_XTALK
 .rodata.VL53L5CX_GET_NVM_CMD
                0x0801f550       0x28 ./Drivers/BSP/Components/vl53l5cx/modules/vl53l5cx_api.o
                0x0801f550                VL53L5CX_GET_NVM_CMD
 .rodata._vfprintf_r.str1.1
                0x0801f578       0x33 C:/Users/Utente/STM32CubeIDE_1.18.0/STM32CubeIDE/plugins/com.st.stm32cube.ide.mcu.externaltools.gnu-tools-for-stm32.13.3.rel1.win32_1.0.0.202411081344/tools/bin/../lib/gcc/arm-none-eabi/13.3.1/../../../../arm-none-eabi/lib/thumb/v7e-m+fp/hard\libc_nano.a(libc_a-nano-vfprintf.o)
                                 0x11 (size before relaxing)
 .rodata._printf_i.str1.1
                0x0801f5ab       0x22 C:/Users/Utente/STM32CubeIDE_1.18.0/STM32CubeIDE/plugins/com.st.stm32cube.ide.mcu.externaltools.gnu-tools-for-stm32.13.3.rel1.win32_1.0.0.202411081344/tools/bin/../lib/gcc/arm-none-eabi/13.3.1/../../../../arm-none-eabi/lib/thumb/v7e-m+fp/hard\libc_nano.a(libc_a-nano-vfprintf_i.o)
                0x0801f5d0                        . = ALIGN (0x4)
 *fill*         0x0801f5ab        0x1 

.ARM.extab      0x0801f5ac        0x0
                0x0801f5ac                        . = ALIGN (0x4)
 *(.ARM.extab* .gnu.linkonce.armextab.*)
                0x0801f5ac                        . = ALIGN (0x4)

.ARM            0x0801f5ac        0x8
                0x0801f5ac                        . = ALIGN (0x4)
                0x0801f5ac                        __exidx_start = .
 *(.ARM.exidx*)
 .ARM.exidx     0x0801f5ac        0x8 C:/Users/Utente/STM32CubeIDE_1.18.0/STM32CubeIDE/plugins/com.st.stm32cube.ide.mcu.externaltools.gnu-tools-for-stm32.13.3.rel1.win32_1.0.0.202411081344/tools/bin/../lib/gcc/arm-none-eabi/13.3.1/../../../../arm-none-eabi/lib/thumb/v7e-m+fp/hard\libc_nano.a(libc_a-memchr.o)
 .ARM.exidx     0x0801f5b4        0x0 C:/Users/Utente/STM32CubeIDE_1.18.0/STM32CubeIDE/plugins/com.st.stm32cube.ide.mcu.externaltools.gnu-tools-for-stm32.13.3.rel1.win32_1.0.0.202411081344/tools/bin/../lib/gcc/arm-none-eabi/13.3.1/thumb/v7e-m+fp/hard\libgcc.a(_udivmoddi4.o)
                                  0x8 (size before relaxing)
                0x0801f5b4                        __exidx_end = .
                0x0801f5b4                        . = ALIGN (0x4)

.preinit_array  0x0801f5b4        0x0
                0x0801f5b4                        . = ALIGN (0x4)
                0x0801f5b4                        PROVIDE (__preinit_array_start = .)
 *(.preinit_array*)
                0x0801f5b4                        PROVIDE (__preinit_array_end = .)
                0x0801f5b4                        . = ALIGN (0x4)

.init_array     0x0801f5b4        0x4
                0x0801f5b4                        . = ALIGN (0x4)
                0x0801f5b4                        PROVIDE (__init_array_start = .)
 *(SORT_BY_NAME(.init_array.*))
 *(.init_array*)
 .init_array    0x0801f5b4        0x4 C:/Users/Utente/STM32CubeIDE_1.18.0/STM32CubeIDE/plugins/com.st.stm32cube.ide.mcu.externaltools.gnu-tools-for-stm32.13.3.rel1.win32_1.0.0.202411081344/tools/bin/../lib/gcc/arm-none-eabi/13.3.1/thumb/v7e-m+fp/hard/crtbegin.o
                0x0801f5b8                        PROVIDE (__init_array_end = .)
                0x0801f5b8                        . = ALIGN (0x4)

.fini_array     0x0801f5b8        0x4
                0x0801f5b8                        . = ALIGN (0x4)
                [!provide]                        PROVIDE (__fini_array_start = .)
 *(SORT_BY_NAME(.fini_array.*))
 *(.fini_array*)
 .fini_array    0x0801f5b8        0x4 C:/Users/Utente/STM32CubeIDE_1.18.0/STM32CubeIDE/plugins/com.st.stm32cube.ide.mcu.externaltools.gnu-tools-for-stm32.13.3.rel1.win32_1.0.0.202411081344/tools/bin/../lib/gcc/arm-none-eabi/13.3.1/thumb/v7e-m+fp/hard/crtbegin.o
                [!provide]                        PROVIDE (__fini_array_end = .)
                0x0801f5bc                        . = ALIGN (0x4)
                0x0801f5bc                        _sidata = LOADADDR (.data)

.rel.dyn        0x0801f5bc        0x0
 .rel.iplt      0x0801f5bc        0x0 C:/Users/Utente/STM32CubeIDE_1.18.0/STM32CubeIDE/plugins/com.st.stm32cube.ide.mcu.externaltools.gnu-tools-for-stm32.13.3.rel1.win32_1.0.0.202411081344/tools/bin/../lib/gcc/arm-none-eabi/13.3.1/thumb/v7e-m+fp/hard/crtbegin.o

.data           0x20000000       0x80 load address 0x0801f5bc
                0x20000000                        . = ALIGN (0x4)
                0x20000000                        _sdata = .
 *(.data)
 *(.data*)
 .data.SystemCoreClock
                0x20000000        0x4 ./Core/Src/system_stm32f4xx.o
                0x20000000                SystemCoreClock
 .data.uwTickPrio
                0x20000004        0x4 ./Drivers/STM32F4xx_HAL_Driver/Src/stm32f4xx_hal.o
                0x20000004                uwTickPrio
 .data.uwTickFreq
                0x20000008        0x1 ./Drivers/STM32F4xx_HAL_Driver/Src/stm32f4xx_hal.o
                0x20000008                uwTickFreq
 .data.frequency
                0x20000009        0x1 ./TOF/Src/app_tof.o
                0x20000009                frequency
 .data.sharpener_percent
                0x2000000a        0x1 ./TOF/Src/app_tof.o
                0x2000000a                sharpener_percent
 *fill*         0x2000000b        0x1 
 .data.linear_gain
                0x2000000c        0x4 ./TOF/Src/app_tof.o
                0x2000000c                linear_gain
 .data.angular_gain
                0x20000010        0x4 ./TOF/Src/app_tof.o
                0x20000010                angular_gain
 .data.desired_distance
                0x20000014        0x4 ./TOF/Src/app_tof.o
                0x20000014                desired_distance
 .data.center   0x20000018        0x4 ./TOF/Src/app_tof.o
                0x20000018                center
 .data.l        0x2000001c        0x4 ./TOF/Src/app_tof.o
                0x2000001c                l
 .data.r        0x20000020        0x4 ./TOF/Src/app_tof.o
                0x20000020                r
 .data.__sglue  0x20000024        0xc C:/Users/Utente/STM32CubeIDE_1.18.0/STM32CubeIDE/plugins/com.st.stm32cube.ide.mcu.externaltools.gnu-tools-for-stm32.13.3.rel1.win32_1.0.0.202411081344/tools/bin/../lib/gcc/arm-none-eabi/13.3.1/../../../../arm-none-eabi/lib/thumb/v7e-m+fp/hard\libc_nano.a(libc_a-findfp.o)
                0x20000024                __sglue
 .data._impure_ptr
                0x20000030        0x4 C:/Users/Utente/STM32CubeIDE_1.18.0/STM32CubeIDE/plugins/com.st.stm32cube.ide.mcu.externaltools.gnu-tools-for-stm32.13.3.rel1.win32_1.0.0.202411081344/tools/bin/../lib/gcc/arm-none-eabi/13.3.1/../../../../arm-none-eabi/lib/thumb/v7e-m+fp/hard\libc_nano.a(libc_a-impure.o)
                0x20000030                _impure_ptr
 .data._impure_data
                0x20000034       0x4c C:/Users/Utente/STM32CubeIDE_1.18.0/STM32CubeIDE/plugins/com.st.stm32cube.ide.mcu.externaltools.gnu-tools-for-stm32.13.3.rel1.win32_1.0.0.202411081344/tools/bin/../lib/gcc/arm-none-eabi/13.3.1/../../../../arm-none-eabi/lib/thumb/v7e-m+fp/hard\libc_nano.a(libc_a-impure.o)
                0x20000034                _impure_data
 *(.RamFunc)
 *(.RamFunc*)
                0x20000080                        . = ALIGN (0x4)
                0x20000080                        _edata = .

.igot.plt       0x20000080        0x0 load address 0x0801f63c
 .igot.plt      0x20000080        0x0 C:/Users/Utente/STM32CubeIDE_1.18.0/STM32CubeIDE/plugins/com.st.stm32cube.ide.mcu.externaltools.gnu-tools-for-stm32.13.3.rel1.win32_1.0.0.202411081344/tools/bin/../lib/gcc/arm-none-eabi/13.3.1/thumb/v7e-m+fp/hard/crtbegin.o
                0x20000080                        . = ALIGN (0x4)

.bss            0x20000080      0xce4 load address 0x0801f63c
                0x20000080                        _sbss = .
                0x20000080                        __bss_start__ = _sbss
 *(.bss)
 .bss           0x20000080       0x1c C:/Users/Utente/STM32CubeIDE_1.18.0/STM32CubeIDE/plugins/com.st.stm32cube.ide.mcu.externaltools.gnu-tools-for-stm32.13.3.rel1.win32_1.0.0.202411081344/tools/bin/../lib/gcc/arm-none-eabi/13.3.1/thumb/v7e-m+fp/hard/crtbegin.o
 *(.bss*)
 .bss.hi2c1     0x2000009c       0x54 ./Core/Src/main.o
                0x2000009c                hi2c1
 .bss.htim2     0x200000f0       0x48 ./Core/Src/main.o
                0x200000f0                htim2
 .bss.htim3     0x20000138       0x48 ./Core/Src/main.o
                0x20000138                htim3
 .bss.huart2    0x20000180       0x48 ./Core/Src/main.o
                0x20000180                huart2
 .bss.tof_data_ready
                0x200001c8        0x4 ./Core/Src/main.o
                0x200001c8                tof_data_ready
 .bss.tof_int_counter
                0x200001cc        0x4 ./Core/Src/main.o
                0x200001cc                tof_int_counter
 .bss.__sbrk_heap_end
                0x200001d0        0x4 ./Core/Src/sysmem.o
 .bss.uwTick    0x200001d4        0x4 ./Drivers/STM32F4xx_HAL_Driver/Src/stm32f4xx_hal.o
                0x200001d4                uwTick
 .bss.p_dev     0x200001d8      0x914 ./TOF/Src/app_tof.o
                0x200001d8                p_dev
 .bss.results   0x20000aec      0x102 ./TOF/Src/app_tof.o
                0x20000aec                results
 *fill*         0x20000bee        0x2 
 .bss.p_thresholds
                0x20000bf0        0xc ./TOF/Src/app_tof.o
 .bss.i         0x20000bfc        0x1 ./TOF/Src/app_tof.o
                0x20000bfc                i
 .bss.ready     0x20000bfd        0x1 ./TOF/Src/app_tof.o
                0x20000bfd                ready
 *fill*         0x20000bfe        0x2 
 .bss.measured_distance
                0x20000c00        0x4 ./TOF/Src/app_tof.o
                0x20000c00                measured_distance
 .bss.error_linear_vel
                0x20000c04        0x4 ./TOF/Src/app_tof.o
                0x20000c04                error_linear_vel
 .bss.error_angular_vel
                0x20000c08        0x4 ./TOF/Src/app_tof.o
                0x20000c08                error_angular_vel
 .bss.dc1       0x20000c0c        0x4 ./TOF/Src/app_tof.o
                0x20000c0c                dc1
 .bss.dc2       0x20000c10        0x4 ./TOF/Src/app_tof.o
                0x20000c10                dc2
 .bss.w         0x20000c14        0x4 ./TOF/Src/app_tof.o
                0x20000c14                w
 .bss.__sf      0x20000c18      0x138 C:/Users/Utente/STM32CubeIDE_1.18.0/STM32CubeIDE/plugins/com.st.stm32cube.ide.mcu.externaltools.gnu-tools-for-stm32.13.3.rel1.win32_1.0.0.202411081344/tools/bin/../lib/gcc/arm-none-eabi/13.3.1/../../../../arm-none-eabi/lib/thumb/v7e-m+fp/hard\libc_nano.a(libc_a-findfp.o)
                0x20000c18                __sf
 .bss.__stdio_exit_handler
                0x20000d50        0x4 C:/Users/Utente/STM32CubeIDE_1.18.0/STM32CubeIDE/plugins/com.st.stm32cube.ide.mcu.externaltools.gnu-tools-for-stm32.13.3.rel1.win32_1.0.0.202411081344/tools/bin/../lib/gcc/arm-none-eabi/13.3.1/../../../../arm-none-eabi/lib/thumb/v7e-m+fp/hard\libc_nano.a(libc_a-findfp.o)
                0x20000d50                __stdio_exit_handler
 .bss.errno     0x20000d54        0x4 C:/Users/Utente/STM32CubeIDE_1.18.0/STM32CubeIDE/plugins/com.st.stm32cube.ide.mcu.externaltools.gnu-tools-for-stm32.13.3.rel1.win32_1.0.0.202411081344/tools/bin/../lib/gcc/arm-none-eabi/13.3.1/../../../../arm-none-eabi/lib/thumb/v7e-m+fp/hard\libc_nano.a(libc_a-reent.o)
                0x20000d54                errno
 .bss.__lock___malloc_recursive_mutex
                0x20000d58        0x1 C:/Users/Utente/STM32CubeIDE_1.18.0/STM32CubeIDE/plugins/com.st.stm32cube.ide.mcu.externaltools.gnu-tools-for-stm32.13.3.rel1.win32_1.0.0.202411081344/tools/bin/../lib/gcc/arm-none-eabi/13.3.1/../../../../arm-none-eabi/lib/thumb/v7e-m+fp/hard\libc_nano.a(libc_a-lock.o)
                0x20000d58                __lock___malloc_recursive_mutex
 .bss.__lock___sfp_recursive_mutex
                0x20000d59        0x1 C:/Users/Utente/STM32CubeIDE_1.18.0/STM32CubeIDE/plugins/com.st.stm32cube.ide.mcu.externaltools.gnu-tools-for-stm32.13.3.rel1.win32_1.0.0.202411081344/tools/bin/../lib/gcc/arm-none-eabi/13.3.1/../../../../arm-none-eabi/lib/thumb/v7e-m+fp/hard\libc_nano.a(libc_a-lock.o)
                0x20000d59                __lock___sfp_recursive_mutex
 *fill*         0x20000d5a        0x2 
 .bss.__malloc_sbrk_start
                0x20000d5c        0x4 C:/Users/Utente/STM32CubeIDE_1.18.0/STM32CubeIDE/plugins/com.st.stm32cube.ide.mcu.externaltools.gnu-tools-for-stm32.13.3.rel1.win32_1.0.0.202411081344/tools/bin/../lib/gcc/arm-none-eabi/13.3.1/../../../../arm-none-eabi/lib/thumb/v7e-m+fp/hard\libc_nano.a(libc_a-mallocr.o)
                0x20000d5c                __malloc_sbrk_start
 .bss.__malloc_free_list
                0x20000d60        0x4 C:/Users/Utente/STM32CubeIDE_1.18.0/STM32CubeIDE/plugins/com.st.stm32cube.ide.mcu.externaltools.gnu-tools-for-stm32.13.3.rel1.win32_1.0.0.202411081344/tools/bin/../lib/gcc/arm-none-eabi/13.3.1/../../../../arm-none-eabi/lib/thumb/v7e-m+fp/hard\libc_nano.a(libc_a-mallocr.o)
                0x20000d60                __malloc_free_list
 *(COMMON)
                0x20000d64                        . = ALIGN (0x4)
                0x20000d64                        _ebss = .
                0x20000d64                        __bss_end__ = _ebss

._user_heap_stack
                0x20000d64      0x604 load address 0x0801f63c
                0x20000d68                        . = ALIGN (0x8)
 *fill*         0x20000d64        0x4 
                [!provide]                        PROVIDE (end = .)
                0x20000d68                        PROVIDE (_end = .)
                0x20000f68                        . = (. + _Min_Heap_Size)
 *fill*         0x20000d68      0x200 
                0x20001368                        . = (. + _Min_Stack_Size)
 *fill*         0x20000f68      0x400 
                0x20001368                        . = ALIGN (0x8)

/DISCARD/
 libc.a(*)
 libm.a(*)
 libgcc.a(*)

.ARM.attributes
                0x00000000       0x30
 *(.ARM.attributes)
 .ARM.attributes
                0x00000000       0x22 C:/Users/Utente/STM32CubeIDE_1.18.0/STM32CubeIDE/plugins/com.st.stm32cube.ide.mcu.externaltools.gnu-tools-for-stm32.13.3.rel1.win32_1.0.0.202411081344/tools/bin/../lib/gcc/arm-none-eabi/13.3.1/thumb/v7e-m+fp/hard/crti.o
 .ARM.attributes
                0x00000022       0x34 C:/Users/Utente/STM32CubeIDE_1.18.0/STM32CubeIDE/plugins/com.st.stm32cube.ide.mcu.externaltools.gnu-tools-for-stm32.13.3.rel1.win32_1.0.0.202411081344/tools/bin/../lib/gcc/arm-none-eabi/13.3.1/thumb/v7e-m+fp/hard/crtbegin.o
 .ARM.attributes
                0x00000056       0x34 ./Core/Src/main.o
 .ARM.attributes
                0x0000008a       0x34 ./Core/Src/stm32f4xx_hal_msp.o
 .ARM.attributes
                0x000000be       0x34 ./Core/Src/stm32f4xx_it.o
 .ARM.attributes
                0x000000f2       0x34 ./Core/Src/syscalls.o
 .ARM.attributes
                0x00000126       0x34 ./Core/Src/sysmem.o
 .ARM.attributes
                0x0000015a       0x34 ./Core/Src/system_stm32f4xx.o
 .ARM.attributes
                0x0000018e       0x21 ./Core/Startup/startup_stm32f446retx.o
 .ARM.attributes
                0x000001af       0x34 ./Drivers/BSP/Components/vl53l5cx/modules/vl53l5cx_api.o
 .ARM.attributes
                0x000001e3       0x34 ./Drivers/BSP/Components/vl53l5cx/modules/vl53l5cx_plugin_detection_thresholds.o
 .ARM.attributes
                0x00000217       0x34 ./Drivers/BSP/Components/vl53l5cx/porting/platform.o
 .ARM.attributes
                0x0000024b       0x34 ./Drivers/STM32F4xx_HAL_Driver/Src/stm32f4xx_hal.o
 .ARM.attributes
                0x0000027f       0x34 ./Drivers/STM32F4xx_HAL_Driver/Src/stm32f4xx_hal_cortex.o
 .ARM.attributes
                0x000002b3       0x34 ./Drivers/STM32F4xx_HAL_Driver/Src/stm32f4xx_hal_dma.o
 .ARM.attributes
                0x000002e7       0x34 ./Drivers/STM32F4xx_HAL_Driver/Src/stm32f4xx_hal_gpio.o
 .ARM.attributes
                0x0000031b       0x34 ./Drivers/STM32F4xx_HAL_Driver/Src/stm32f4xx_hal_i2c.o
 .ARM.attributes
                0x0000034f       0x34 ./Drivers/STM32F4xx_HAL_Driver/Src/stm32f4xx_hal_rcc.o
 .ARM.attributes
                0x00000383       0x34 ./Drivers/STM32F4xx_HAL_Driver/Src/stm32f4xx_hal_rcc_ex.o
 .ARM.attributes
                0x000003b7       0x34 ./Drivers/STM32F4xx_HAL_Driver/Src/stm32f4xx_hal_tim.o
 .ARM.attributes
                0x000003eb       0x34 ./Drivers/STM32F4xx_HAL_Driver/Src/stm32f4xx_hal_tim_ex.o
 .ARM.attributes
                0x0000041f       0x34 ./Drivers/STM32F4xx_HAL_Driver/Src/stm32f4xx_hal_uart.o
 .ARM.attributes
                0x00000453       0x34 ./TOF/Src/app_tof.o
 .ARM.attributes
                0x00000487       0x34 C:/Users/Utente/STM32CubeIDE_1.18.0/STM32CubeIDE/plugins/com.st.stm32cube.ide.mcu.externaltools.gnu-tools-for-stm32.13.3.rel1.win32_1.0.0.202411081344/tools/bin/../lib/gcc/arm-none-eabi/13.3.1/../../../../arm-none-eabi/lib/thumb/v7e-m+fp/hard\libc_nano.a(libc_a-findfp.o)
 .ARM.attributes
                0x000004bb       0x34 C:/Users/Utente/STM32CubeIDE_1.18.0/STM32CubeIDE/plugins/com.st.stm32cube.ide.mcu.externaltools.gnu-tools-for-stm32.13.3.rel1.win32_1.0.0.202411081344/tools/bin/../lib/gcc/arm-none-eabi/13.3.1/../../../../arm-none-eabi/lib/thumb/v7e-m+fp/hard\libc_nano.a(libc_a-fwalk.o)
 .ARM.attributes
                0x000004ef       0x34 C:/Users/Utente/STM32CubeIDE_1.18.0/STM32CubeIDE/plugins/com.st.stm32cube.ide.mcu.externaltools.gnu-tools-for-stm32.13.3.rel1.win32_1.0.0.202411081344/tools/bin/../lib/gcc/arm-none-eabi/13.3.1/../../../../arm-none-eabi/lib/thumb/v7e-m+fp/hard\libc_nano.a(libc_a-printf.o)
 .ARM.attributes
                0x00000523       0x34 C:/Users/Utente/STM32CubeIDE_1.18.0/STM32CubeIDE/plugins/com.st.stm32cube.ide.mcu.externaltools.gnu-tools-for-stm32.13.3.rel1.win32_1.0.0.202411081344/tools/bin/../lib/gcc/arm-none-eabi/13.3.1/../../../../arm-none-eabi/lib/thumb/v7e-m+fp/hard\libc_nano.a(libc_a-puts.o)
 .ARM.attributes
                0x00000557       0x34 C:/Users/Utente/STM32CubeIDE_1.18.0/STM32CubeIDE/plugins/com.st.stm32cube.ide.mcu.externaltools.gnu-tools-for-stm32.13.3.rel1.win32_1.0.0.202411081344/tools/bin/../lib/gcc/arm-none-eabi/13.3.1/../../../../arm-none-eabi/lib/thumb/v7e-m+fp/hard\libc_nano.a(libc_a-stdio.o)
 .ARM.attributes
                0x0000058b       0x34 C:/Users/Utente/STM32CubeIDE_1.18.0/STM32CubeIDE/plugins/com.st.stm32cube.ide.mcu.externaltools.gnu-tools-for-stm32.13.3.rel1.win32_1.0.0.202411081344/tools/bin/../lib/gcc/arm-none-eabi/13.3.1/../../../../arm-none-eabi/lib/thumb/v7e-m+fp/hard\libc_nano.a(libc_a-wbuf.o)
 .ARM.attributes
                0x000005bf       0x34 C:/Users/Utente/STM32CubeIDE_1.18.0/STM32CubeIDE/plugins/com.st.stm32cube.ide.mcu.externaltools.gnu-tools-for-stm32.13.3.rel1.win32_1.0.0.202411081344/tools/bin/../lib/gcc/arm-none-eabi/13.3.1/../../../../arm-none-eabi/lib/thumb/v7e-m+fp/hard\libc_nano.a(libc_a-wsetup.o)
 .ARM.attributes
                0x000005f3       0x34 C:/Users/Utente/STM32CubeIDE_1.18.0/STM32CubeIDE/plugins/com.st.stm32cube.ide.mcu.externaltools.gnu-tools-for-stm32.13.3.rel1.win32_1.0.0.202411081344/tools/bin/../lib/gcc/arm-none-eabi/13.3.1/../../../../arm-none-eabi/lib/thumb/v7e-m+fp/hard\libc_nano.a(libc_a-memset.o)
 .ARM.attributes
                0x00000627       0x34 C:/Users/Utente/STM32CubeIDE_1.18.0/STM32CubeIDE/plugins/com.st.stm32cube.ide.mcu.externaltools.gnu-tools-for-stm32.13.3.rel1.win32_1.0.0.202411081344/tools/bin/../lib/gcc/arm-none-eabi/13.3.1/../../../../arm-none-eabi/lib/thumb/v7e-m+fp/hard\libc_nano.a(libc_a-closer.o)
 .ARM.attributes
                0x0000065b       0x34 C:/Users/Utente/STM32CubeIDE_1.18.0/STM32CubeIDE/plugins/com.st.stm32cube.ide.mcu.externaltools.gnu-tools-for-stm32.13.3.rel1.win32_1.0.0.202411081344/tools/bin/../lib/gcc/arm-none-eabi/13.3.1/../../../../arm-none-eabi/lib/thumb/v7e-m+fp/hard\libc_nano.a(libc_a-reent.o)
 .ARM.attributes
                0x0000068f       0x34 C:/Users/Utente/STM32CubeIDE_1.18.0/STM32CubeIDE/plugins/com.st.stm32cube.ide.mcu.externaltools.gnu-tools-for-stm32.13.3.rel1.win32_1.0.0.202411081344/tools/bin/../lib/gcc/arm-none-eabi/13.3.1/../../../../arm-none-eabi/lib/thumb/v7e-m+fp/hard\libc_nano.a(libc_a-impure.o)
 .ARM.attributes
                0x000006c3       0x34 C:/Users/Utente/STM32CubeIDE_1.18.0/STM32CubeIDE/plugins/com.st.stm32cube.ide.mcu.externaltools.gnu-tools-for-stm32.13.3.rel1.win32_1.0.0.202411081344/tools/bin/../lib/gcc/arm-none-eabi/13.3.1/../../../../arm-none-eabi/lib/thumb/v7e-m+fp/hard\libc_nano.a(libc_a-lseekr.o)
 .ARM.attributes
                0x000006f7       0x34 C:/Users/Utente/STM32CubeIDE_1.18.0/STM32CubeIDE/plugins/com.st.stm32cube.ide.mcu.externaltools.gnu-tools-for-stm32.13.3.rel1.win32_1.0.0.202411081344/tools/bin/../lib/gcc/arm-none-eabi/13.3.1/../../../../arm-none-eabi/lib/thumb/v7e-m+fp/hard\libc_nano.a(libc_a-readr.o)
 .ARM.attributes
                0x0000072b       0x34 C:/Users/Utente/STM32CubeIDE_1.18.0/STM32CubeIDE/plugins/com.st.stm32cube.ide.mcu.externaltools.gnu-tools-for-stm32.13.3.rel1.win32_1.0.0.202411081344/tools/bin/../lib/gcc/arm-none-eabi/13.3.1/../../../../arm-none-eabi/lib/thumb/v7e-m+fp/hard\libc_nano.a(libc_a-writer.o)
 .ARM.attributes
                0x0000075f       0x34 C:/Users/Utente/STM32CubeIDE_1.18.0/STM32CubeIDE/plugins/com.st.stm32cube.ide.mcu.externaltools.gnu-tools-for-stm32.13.3.rel1.win32_1.0.0.202411081344/tools/bin/../lib/gcc/arm-none-eabi/13.3.1/../../../../arm-none-eabi/lib/thumb/v7e-m+fp/hard\libc_nano.a(libc_a-errno.o)
 .ARM.attributes
                0x00000793       0x34 C:/Users/Utente/STM32CubeIDE_1.18.0/STM32CubeIDE/plugins/com.st.stm32cube.ide.mcu.externaltools.gnu-tools-for-stm32.13.3.rel1.win32_1.0.0.202411081344/tools/bin/../lib/gcc/arm-none-eabi/13.3.1/../../../../arm-none-eabi/lib/thumb/v7e-m+fp/hard\libc_nano.a(libc_a-init.o)
 .ARM.attributes
                0x000007c7       0x34 C:/Users/Utente/STM32CubeIDE_1.18.0/STM32CubeIDE/plugins/com.st.stm32cube.ide.mcu.externaltools.gnu-tools-for-stm32.13.3.rel1.win32_1.0.0.202411081344/tools/bin/../lib/gcc/arm-none-eabi/13.3.1/../../../../arm-none-eabi/lib/thumb/v7e-m+fp/hard\libc_nano.a(libc_a-lock.o)
 .ARM.attributes
                0x000007fb       0x34 C:/Users/Utente/STM32CubeIDE_1.18.0/STM32CubeIDE/plugins/com.st.stm32cube.ide.mcu.externaltools.gnu-tools-for-stm32.13.3.rel1.win32_1.0.0.202411081344/tools/bin/../lib/gcc/arm-none-eabi/13.3.1/../../../../arm-none-eabi/lib/thumb/v7e-m+fp/hard\libc_nano.a(libc_a-memcpy-stub.o)
 .ARM.attributes
                0x0000082f       0x34 C:/Users/Utente/STM32CubeIDE_1.18.0/STM32CubeIDE/plugins/com.st.stm32cube.ide.mcu.externaltools.gnu-tools-for-stm32.13.3.rel1.win32_1.0.0.202411081344/tools/bin/../lib/gcc/arm-none-eabi/13.3.1/../../../../arm-none-eabi/lib/thumb/v7e-m+fp/hard\libc_nano.a(libc_a-freer.o)
 .ARM.attributes
                0x00000863       0x34 C:/Users/Utente/STM32CubeIDE_1.18.0/STM32CubeIDE/plugins/com.st.stm32cube.ide.mcu.externaltools.gnu-tools-for-stm32.13.3.rel1.win32_1.0.0.202411081344/tools/bin/../lib/gcc/arm-none-eabi/13.3.1/../../../../arm-none-eabi/lib/thumb/v7e-m+fp/hard\libc_nano.a(libc_a-mallocr.o)
 .ARM.attributes
                0x00000897       0x34 C:/Users/Utente/STM32CubeIDE_1.18.0/STM32CubeIDE/plugins/com.st.stm32cube.ide.mcu.externaltools.gnu-tools-for-stm32.13.3.rel1.win32_1.0.0.202411081344/tools/bin/../lib/gcc/arm-none-eabi/13.3.1/../../../../arm-none-eabi/lib/thumb/v7e-m+fp/hard\libc_nano.a(libc_a-mlock.o)
 .ARM.attributes
                0x000008cb       0x34 C:/Users/Utente/STM32CubeIDE_1.18.0/STM32CubeIDE/plugins/com.st.stm32cube.ide.mcu.externaltools.gnu-tools-for-stm32.13.3.rel1.win32_1.0.0.202411081344/tools/bin/../lib/gcc/arm-none-eabi/13.3.1/../../../../arm-none-eabi/lib/thumb/v7e-m+fp/hard\libc_nano.a(libc_a-nano-vfprintf.o)
 .ARM.attributes
                0x000008ff       0x34 C:/Users/Utente/STM32CubeIDE_1.18.0/STM32CubeIDE/plugins/com.st.stm32cube.ide.mcu.externaltools.gnu-tools-for-stm32.13.3.rel1.win32_1.0.0.202411081344/tools/bin/../lib/gcc/arm-none-eabi/13.3.1/../../../../arm-none-eabi/lib/thumb/v7e-m+fp/hard\libc_nano.a(libc_a-nano-vfprintf_i.o)
 .ARM.attributes
                0x00000933       0x34 C:/Users/Utente/STM32CubeIDE_1.18.0/STM32CubeIDE/plugins/com.st.stm32cube.ide.mcu.externaltools.gnu-tools-for-stm32.13.3.rel1.win32_1.0.0.202411081344/tools/bin/../lib/gcc/arm-none-eabi/13.3.1/../../../../arm-none-eabi/lib/thumb/v7e-m+fp/hard\libc_nano.a(libc_a-fflush.o)
 .ARM.attributes
                0x00000967       0x34 C:/Users/Utente/STM32CubeIDE_1.18.0/STM32CubeIDE/plugins/com.st.stm32cube.ide.mcu.externaltools.gnu-tools-for-stm32.13.3.rel1.win32_1.0.0.202411081344/tools/bin/../lib/gcc/arm-none-eabi/13.3.1/../../../../arm-none-eabi/lib/thumb/v7e-m+fp/hard\libc_nano.a(libc_a-makebuf.o)
 .ARM.attributes
                0x0000099b       0x34 C:/Users/Utente/STM32CubeIDE_1.18.0/STM32CubeIDE/plugins/com.st.stm32cube.ide.mcu.externaltools.gnu-tools-for-stm32.13.3.rel1.win32_1.0.0.202411081344/tools/bin/../lib/gcc/arm-none-eabi/13.3.1/../../../../arm-none-eabi/lib/thumb/v7e-m+fp/hard\libc_nano.a(libc_a-fstatr.o)
 .ARM.attributes
                0x000009cf       0x34 C:/Users/Utente/STM32CubeIDE_1.18.0/STM32CubeIDE/plugins/com.st.stm32cube.ide.mcu.externaltools.gnu-tools-for-stm32.13.3.rel1.win32_1.0.0.202411081344/tools/bin/../lib/gcc/arm-none-eabi/13.3.1/../../../../arm-none-eabi/lib/thumb/v7e-m+fp/hard\libc_nano.a(libc_a-isattyr.o)
 .ARM.attributes
                0x00000a03       0x34 C:/Users/Utente/STM32CubeIDE_1.18.0/STM32CubeIDE/plugins/com.st.stm32cube.ide.mcu.externaltools.gnu-tools-for-stm32.13.3.rel1.win32_1.0.0.202411081344/tools/bin/../lib/gcc/arm-none-eabi/13.3.1/../../../../arm-none-eabi/lib/thumb/v7e-m+fp/hard\libc_nano.a(libc_a-sbrkr.o)
 .ARM.attributes
                0x00000a37       0x1c C:/Users/Utente/STM32CubeIDE_1.18.0/STM32CubeIDE/plugins/com.st.stm32cube.ide.mcu.externaltools.gnu-tools-for-stm32.13.3.rel1.win32_1.0.0.202411081344/tools/bin/../lib/gcc/arm-none-eabi/13.3.1/../../../../arm-none-eabi/lib/thumb/v7e-m+fp/hard\libc_nano.a(libc_a-memchr.o)
 .ARM.attributes
                0x00000a53       0x22 C:/Users/Utente/STM32CubeIDE_1.18.0/STM32CubeIDE/plugins/com.st.stm32cube.ide.mcu.externaltools.gnu-tools-for-stm32.13.3.rel1.win32_1.0.0.202411081344/tools/bin/../lib/gcc/arm-none-eabi/13.3.1/thumb/v7e-m+fp/hard\libgcc.a(_aeabi_uldivmod.o)
 .ARM.attributes
                0x00000a75       0x34 C:/Users/Utente/STM32CubeIDE_1.18.0/STM32CubeIDE/plugins/com.st.stm32cube.ide.mcu.externaltools.gnu-tools-for-stm32.13.3.rel1.win32_1.0.0.202411081344/tools/bin/../lib/gcc/arm-none-eabi/13.3.1/thumb/v7e-m+fp/hard\libgcc.a(_udivmoddi4.o)
 .ARM.attributes
                0x00000aa9       0x22 C:/Users/Utente/STM32CubeIDE_1.18.0/STM32CubeIDE/plugins/com.st.stm32cube.ide.mcu.externaltools.gnu-tools-for-stm32.13.3.rel1.win32_1.0.0.202411081344/tools/bin/../lib/gcc/arm-none-eabi/13.3.1/thumb/v7e-m+fp/hard\libgcc.a(_dvmd_tls.o)
 .ARM.attributes
                0x00000acb       0x22 C:/Users/Utente/STM32CubeIDE_1.18.0/STM32CubeIDE/plugins/com.st.stm32cube.ide.mcu.externaltools.gnu-tools-for-stm32.13.3.rel1.win32_1.0.0.202411081344/tools/bin/../lib/gcc/arm-none-eabi/13.3.1/thumb/v7e-m+fp/hard/crtn.o
OUTPUT(HandTracking.elf elf32-littlearm)
LOAD linker stubs
LOAD C:/Users/Utente/STM32CubeIDE_1.18.0/STM32CubeIDE/plugins/com.st.stm32cube.ide.mcu.externaltools.gnu-tools-for-stm32.13.3.rel1.win32_1.0.0.202411081344/tools/bin/../lib/gcc/arm-none-eabi/13.3.1/../../../../arm-none-eabi/lib/thumb/v7e-m+fp/hard\libc.a
LOAD C:/Users/Utente/STM32CubeIDE_1.18.0/STM32CubeIDE/plugins/com.st.stm32cube.ide.mcu.externaltools.gnu-tools-for-stm32.13.3.rel1.win32_1.0.0.202411081344/tools/bin/../lib/gcc/arm-none-eabi/13.3.1/../../../../arm-none-eabi/lib/thumb/v7e-m+fp/hard\libm.a
LOAD C:/Users/Utente/STM32CubeIDE_1.18.0/STM32CubeIDE/plugins/com.st.stm32cube.ide.mcu.externaltools.gnu-tools-for-stm32.13.3.rel1.win32_1.0.0.202411081344/tools/bin/../lib/gcc/arm-none-eabi/13.3.1/thumb/v7e-m+fp/hard\libgcc.a

.debug_info     0x00000000    0x1419c
 .debug_info    0x00000000     0x198b ./Core/Src/main.o
 .debug_info    0x0000198b     0x1340 ./Core/Src/stm32f4xx_hal_msp.o
 .debug_info    0x00002ccb      0xa4a ./Core/Src/stm32f4xx_it.o
 .debug_info    0x00003715      0x8eb ./Core/Src/syscalls.o
 .debug_info    0x00004000      0x168 ./Core/Src/sysmem.o
 .debug_info    0x00004168      0x54a ./Core/Src/system_stm32f4xx.o
 .debug_info    0x000046b2       0x30 ./Core/Startup/startup_stm32f446retx.o
 .debug_info    0x000046e2     0x11db ./Drivers/BSP/Components/vl53l5cx/modules/vl53l5cx_api.o
 .debug_info    0x000058bd      0x493 ./Drivers/BSP/Components/vl53l5cx/modules/vl53l5cx_plugin_detection_thresholds.o
 .debug_info    0x00005d50      0x9a4 ./Drivers/BSP/Components/vl53l5cx/porting/platform.o
 .debug_info    0x000066f4      0x99a ./Drivers/STM32F4xx_HAL_Driver/Src/stm32f4xx_hal.o
 .debug_info    0x0000708e      0xdaa ./Drivers/STM32F4xx_HAL_Driver/Src/stm32f4xx_hal_cortex.o
 .debug_info    0x00007e38      0x8e7 ./Drivers/STM32F4xx_HAL_Driver/Src/stm32f4xx_hal_dma.o
 .debug_info    0x0000871f      0x70b ./Drivers/STM32F4xx_HAL_Driver/Src/stm32f4xx_hal_gpio.o
 .debug_info    0x00008e2a     0x2421 ./Drivers/STM32F4xx_HAL_Driver/Src/stm32f4xx_hal_i2c.o
 .debug_info    0x0000b24b      0x8ff ./Drivers/STM32F4xx_HAL_Driver/Src/stm32f4xx_hal_rcc.o
 .debug_info    0x0000bb4a      0x960 ./Drivers/STM32F4xx_HAL_Driver/Src/stm32f4xx_hal_rcc_ex.o
 .debug_info    0x0000c4aa     0x299d ./Drivers/STM32F4xx_HAL_Driver/Src/stm32f4xx_hal_tim.o
 .debug_info    0x0000ee47     0x14db ./Drivers/STM32F4xx_HAL_Driver/Src/stm32f4xx_hal_tim_ex.o
 .debug_info    0x00010322     0x2f4f ./Drivers/STM32F4xx_HAL_Driver/Src/stm32f4xx_hal_uart.o
 .debug_info    0x00013271      0xf2b ./TOF/Src/app_tof.o

.debug_abbrev   0x00000000     0x2d46
 .debug_abbrev  0x00000000      0x361 ./Core/Src/main.o
 .debug_abbrev  0x00000361      0x21f ./Core/Src/stm32f4xx_hal_msp.o
 .debug_abbrev  0x00000580      0x1c2 ./Core/Src/stm32f4xx_it.o
 .debug_abbrev  0x00000742      0x24f ./Core/Src/syscalls.o
 .debug_abbrev  0x00000991       0xbc ./Core/Src/sysmem.o
 .debug_abbrev  0x00000a4d      0x11a ./Core/Src/system_stm32f4xx.o
 .debug_abbrev  0x00000b67       0x24 ./Core/Startup/startup_stm32f446retx.o
 .debug_abbrev  0x00000b8b      0x2b5 ./Drivers/BSP/Components/vl53l5cx/modules/vl53l5cx_api.o
 .debug_abbrev  0x00000e40      0x168 ./Drivers/BSP/Components/vl53l5cx/modules/vl53l5cx_plugin_detection_thresholds.o
 .debug_abbrev  0x00000fa8      0x208 ./Drivers/BSP/Components/vl53l5cx/porting/platform.o
 .debug_abbrev  0x000011b0      0x214 ./Drivers/STM32F4xx_HAL_Driver/Src/stm32f4xx_hal.o
 .debug_abbrev  0x000013c4      0x31d ./Drivers/STM32F4xx_HAL_Driver/Src/stm32f4xx_hal_cortex.o
 .debug_abbrev  0x000016e1      0x264 ./Drivers/STM32F4xx_HAL_Driver/Src/stm32f4xx_hal_dma.o
 .debug_abbrev  0x00001945      0x1d4 ./Drivers/STM32F4xx_HAL_Driver/Src/stm32f4xx_hal_gpio.o
 .debug_abbrev  0x00001b19      0x2ad ./Drivers/STM32F4xx_HAL_Driver/Src/stm32f4xx_hal_i2c.o
 .debug_abbrev  0x00001dc6      0x2b7 ./Drivers/STM32F4xx_HAL_Driver/Src/stm32f4xx_hal_rcc.o
 .debug_abbrev  0x0000207d      0x211 ./Drivers/STM32F4xx_HAL_Driver/Src/stm32f4xx_hal_rcc_ex.o
 .debug_abbrev  0x0000228e      0x278 ./Drivers/STM32F4xx_HAL_Driver/Src/stm32f4xx_hal_tim.o
 .debug_abbrev  0x00002506      0x283 ./Drivers/STM32F4xx_HAL_Driver/Src/stm32f4xx_hal_tim_ex.o
 .debug_abbrev  0x00002789      0x30e ./Drivers/STM32F4xx_HAL_Driver/Src/stm32f4xx_hal_uart.o
 .debug_abbrev  0x00002a97      0x2af ./TOF/Src/app_tof.o

.debug_aranges  0x00000000     0x1238
 .debug_aranges
                0x00000000       0x60 ./Core/Src/main.o
 .debug_aranges
                0x00000060       0x58 ./Core/Src/stm32f4xx_hal_msp.o
 .debug_aranges
                0x000000b8       0x88 ./Core/Src/stm32f4xx_it.o
 .debug_aranges
                0x00000140       0xb0 ./Core/Src/syscalls.o
 .debug_aranges
                0x000001f0       0x20 ./Core/Src/sysmem.o
 .debug_aranges
                0x00000210       0x28 ./Core/Src/system_stm32f4xx.o
 .debug_aranges
                0x00000238       0x28 ./Core/Startup/startup_stm32f446retx.o
 .debug_aranges
                0x00000260      0x118 ./Drivers/BSP/Components/vl53l5cx/modules/vl53l5cx_api.o
 .debug_aranges
                0x00000378       0x38 ./Drivers/BSP/Components/vl53l5cx/modules/vl53l5cx_plugin_detection_thresholds.o
 .debug_aranges
                0x000003b0       0x60 ./Drivers/BSP/Components/vl53l5cx/porting/platform.o
 .debug_aranges
                0x00000410       0xf0 ./Drivers/STM32F4xx_HAL_Driver/Src/stm32f4xx_hal.o
 .debug_aranges
                0x00000500      0x130 ./Drivers/STM32F4xx_HAL_Driver/Src/stm32f4xx_hal_cortex.o
 .debug_aranges
                0x00000630       0x90 ./Drivers/STM32F4xx_HAL_Driver/Src/stm32f4xx_hal_dma.o
 .debug_aranges
                0x000006c0       0x58 ./Drivers/STM32F4xx_HAL_Driver/Src/stm32f4xx_hal_gpio.o
 .debug_aranges
                0x00000718      0x2a8 ./Drivers/STM32F4xx_HAL_Driver/Src/stm32f4xx_hal_i2c.o
 .debug_aranges
                0x000009c0       0x88 ./Drivers/STM32F4xx_HAL_Driver/Src/stm32f4xx_hal_rcc.o
 .debug_aranges
                0x00000a48       0x78 ./Drivers/STM32F4xx_HAL_Driver/Src/stm32f4xx_hal_rcc_ex.o
 .debug_aranges
                0x00000ac0      0x3d0 ./Drivers/STM32F4xx_HAL_Driver/Src/stm32f4xx_hal_tim.o
 .debug_aranges
                0x00000e90      0x168 ./Drivers/STM32F4xx_HAL_Driver/Src/stm32f4xx_hal_tim_ex.o
 .debug_aranges
                0x00000ff8      0x208 ./Drivers/STM32F4xx_HAL_Driver/Src/stm32f4xx_hal_uart.o
 .debug_aranges
                0x00001200       0x38 ./TOF/Src/app_tof.o

.debug_rnglists
                0x00000000      0xe58
 .debug_rnglists
                0x00000000       0x48 ./Core/Src/main.o
 .debug_rnglists
                0x00000048       0x41 ./Core/Src/stm32f4xx_hal_msp.o
 .debug_rnglists
                0x00000089       0x61 ./Core/Src/stm32f4xx_it.o
 .debug_rnglists
                0x000000ea       0x7f ./Core/Src/syscalls.o
 .debug_rnglists
                0x00000169       0x13 ./Core/Src/sysmem.o
 .debug_rnglists
                0x0000017c       0x1a ./Core/Src/system_stm32f4xx.o
 .debug_rnglists
                0x00000196       0x19 ./Core/Startup/startup_stm32f446retx.o
 .debug_rnglists
                0x000001af       0xdd ./Drivers/BSP/Components/vl53l5cx/modules/vl53l5cx_api.o
 .debug_rnglists
                0x0000028c       0x28 ./Drivers/BSP/Components/vl53l5cx/modules/vl53l5cx_plugin_detection_thresholds.o
 .debug_rnglists
                0x000002b4       0x43 ./Drivers/BSP/Components/vl53l5cx/porting/platform.o
 .debug_rnglists
                0x000002f7       0xaf ./Drivers/STM32F4xx_HAL_Driver/Src/stm32f4xx_hal.o
 .debug_rnglists
                0x000003a6       0xe0 ./Drivers/STM32F4xx_HAL_Driver/Src/stm32f4xx_hal_cortex.o
 .debug_rnglists
                0x00000486       0x70 ./Drivers/STM32F4xx_HAL_Driver/Src/stm32f4xx_hal_dma.o
 .debug_rnglists
                0x000004f6       0x3f ./Drivers/STM32F4xx_HAL_Driver/Src/stm32f4xx_hal_gpio.o
 .debug_rnglists
                0x00000535      0x23c ./Drivers/STM32F4xx_HAL_Driver/Src/stm32f4xx_hal_i2c.o
 .debug_rnglists
                0x00000771       0x66 ./Drivers/STM32F4xx_HAL_Driver/Src/stm32f4xx_hal_rcc.o
 .debug_rnglists
                0x000007d7       0x5e ./Drivers/STM32F4xx_HAL_Driver/Src/stm32f4xx_hal_rcc_ex.o
 .debug_rnglists
                0x00000835      0x31a ./Drivers/STM32F4xx_HAL_Driver/Src/stm32f4xx_hal_tim.o
 .debug_rnglists
                0x00000b4f      0x125 ./Drivers/STM32F4xx_HAL_Driver/Src/stm32f4xx_hal_tim_ex.o
 .debug_rnglists
                0x00000c74      0x1bc ./Drivers/STM32F4xx_HAL_Driver/Src/stm32f4xx_hal_uart.o
 .debug_rnglists
                0x00000e30       0x28 ./TOF/Src/app_tof.o

.debug_macro    0x00000000    0x246a2
 .debug_macro   0x00000000      0x371 ./Core/Src/main.o
 .debug_macro   0x00000371      0xad8 ./Core/Src/main.o
 .debug_macro   0x00000e49      0x2a1 ./Core/Src/main.o
 .debug_macro   0x000010ea       0x2e ./Core/Src/main.o
 .debug_macro   0x00001118       0x28 ./Core/Src/main.o
 .debug_macro   0x00001140       0x22 ./Core/Src/main.o